Archive member included to satisfy reference by file (symbol)

/opt/st/stm32cubeide_1.12.1/plugins/com.st.stm32cube.ide.mcu.externaltools.gnu-tools-for-stm32.10.3-2021.10.linux64_1.0.200.202301161003/tools/bin/../lib/gcc/arm-none-eabi/10.3.1/../../../../arm-none-eabi/lib/thumb/v7e-m+dp/hard/libc_nano.a(lib_a-atoi.o)
                              ./Middlewares/Third_Party/LwIP/src/core/netif.o (atoi)
/opt/st/stm32cubeide_1.12.1/plugins/com.st.stm32cube.ide.mcu.externaltools.gnu-tools-for-stm32.10.3-2021.10.linux64_1.0.200.202301161003/tools/bin/../lib/gcc/arm-none-eabi/10.3.1/../../../../arm-none-eabi/lib/thumb/v7e-m+dp/hard/libc_nano.a(lib_a-ctype_.o)
                              ./Middlewares/Third_Party/LwIP/src/core/ipv4/ip4_addr.o (_ctype_)
/opt/st/stm32cubeide_1.12.1/plugins/com.st.stm32cube.ide.mcu.externaltools.gnu-tools-for-stm32.10.3-2021.10.linux64_1.0.200.202301161003/tools/bin/../lib/gcc/arm-none-eabi/10.3.1/../../../../arm-none-eabi/lib/thumb/v7e-m+dp/hard/libc_nano.a(lib_a-exit.o)
                              /opt/st/stm32cubeide_1.12.1/plugins/com.st.stm32cube.ide.mcu.externaltools.gnu-tools-for-stm32.10.3-2021.10.linux64_1.0.200.202301161003/tools/bin/../lib/gcc/arm-none-eabi/10.3.1/../../../../arm-none-eabi/lib/thumb/v7e-m+dp/hard/crt0.o (exit)
/opt/st/stm32cubeide_1.12.1/plugins/com.st.stm32cube.ide.mcu.externaltools.gnu-tools-for-stm32.10.3-2021.10.linux64_1.0.200.202301161003/tools/bin/../lib/gcc/arm-none-eabi/10.3.1/../../../../arm-none-eabi/lib/thumb/v7e-m+dp/hard/libc_nano.a(lib_a-impure.o)
                              /opt/st/stm32cubeide_1.12.1/plugins/com.st.stm32cube.ide.mcu.externaltools.gnu-tools-for-stm32.10.3-2021.10.linux64_1.0.200.202301161003/tools/bin/../lib/gcc/arm-none-eabi/10.3.1/../../../../arm-none-eabi/lib/thumb/v7e-m+dp/hard/libc_nano.a(lib_a-exit.o) (_global_impure_ptr)
/opt/st/stm32cubeide_1.12.1/plugins/com.st.stm32cube.ide.mcu.externaltools.gnu-tools-for-stm32.10.3-2021.10.linux64_1.0.200.202301161003/tools/bin/../lib/gcc/arm-none-eabi/10.3.1/../../../../arm-none-eabi/lib/thumb/v7e-m+dp/hard/libc_nano.a(lib_a-init.o)
                              /opt/st/stm32cubeide_1.12.1/plugins/com.st.stm32cube.ide.mcu.externaltools.gnu-tools-for-stm32.10.3-2021.10.linux64_1.0.200.202301161003/tools/bin/../lib/gcc/arm-none-eabi/10.3.1/../../../../arm-none-eabi/lib/thumb/v7e-m+dp/hard/crt0.o (__libc_init_array)
/opt/st/stm32cubeide_1.12.1/plugins/com.st.stm32cube.ide.mcu.externaltools.gnu-tools-for-stm32.10.3-2021.10.linux64_1.0.200.202301161003/tools/bin/../lib/gcc/arm-none-eabi/10.3.1/../../../../arm-none-eabi/lib/thumb/v7e-m+dp/hard/libc_nano.a(lib_a-memcmp.o)
                              ./Middlewares/Third_Party/LwIP/src/netif/bridgeif_fdb.o (memcmp)
/opt/st/stm32cubeide_1.12.1/plugins/com.st.stm32cube.ide.mcu.externaltools.gnu-tools-for-stm32.10.3-2021.10.linux64_1.0.200.202301161003/tools/bin/../lib/gcc/arm-none-eabi/10.3.1/../../../../arm-none-eabi/lib/thumb/v7e-m+dp/hard/libc_nano.a(lib_a-memcpy-stub.o)
                              ./Core/Src/freertos.o (memcpy)
/opt/st/stm32cubeide_1.12.1/plugins/com.st.stm32cube.ide.mcu.externaltools.gnu-tools-for-stm32.10.3-2021.10.linux64_1.0.200.202301161003/tools/bin/../lib/gcc/arm-none-eabi/10.3.1/../../../../arm-none-eabi/lib/thumb/v7e-m+dp/hard/libc_nano.a(lib_a-memmove.o)
                              ./Middlewares/Third_Party/LwIP/src/core/def.o (memmove)
/opt/st/stm32cubeide_1.12.1/plugins/com.st.stm32cube.ide.mcu.externaltools.gnu-tools-for-stm32.10.3-2021.10.linux64_1.0.200.202301161003/tools/bin/../lib/gcc/arm-none-eabi/10.3.1/../../../../arm-none-eabi/lib/thumb/v7e-m+dp/hard/libc_nano.a(lib_a-memset.o)
                              /opt/st/stm32cubeide_1.12.1/plugins/com.st.stm32cube.ide.mcu.externaltools.gnu-tools-for-stm32.10.3-2021.10.linux64_1.0.200.202301161003/tools/bin/../lib/gcc/arm-none-eabi/10.3.1/../../../../arm-none-eabi/lib/thumb/v7e-m+dp/hard/crt0.o (memset)
/opt/st/stm32cubeide_1.12.1/plugins/com.st.stm32cube.ide.mcu.externaltools.gnu-tools-for-stm32.10.3-2021.10.linux64_1.0.200.202301161003/tools/bin/../lib/gcc/arm-none-eabi/10.3.1/../../../../arm-none-eabi/lib/thumb/v7e-m+dp/hard/libc_nano.a(lib_a-printf.o)
                              ./Core/Src/freertos.o (printf)
/opt/st/stm32cubeide_1.12.1/plugins/com.st.stm32cube.ide.mcu.externaltools.gnu-tools-for-stm32.10.3-2021.10.linux64_1.0.200.202301161003/tools/bin/../lib/gcc/arm-none-eabi/10.3.1/../../../../arm-none-eabi/lib/thumb/v7e-m+dp/hard/libc_nano.a(lib_a-puts.o)
                              ./Core/Src/freertos.o (puts)
/opt/st/stm32cubeide_1.12.1/plugins/com.st.stm32cube.ide.mcu.externaltools.gnu-tools-for-stm32.10.3-2021.10.linux64_1.0.200.202301161003/tools/bin/../lib/gcc/arm-none-eabi/10.3.1/../../../../arm-none-eabi/lib/thumb/v7e-m+dp/hard/libc_nano.a(lib_a-rand.o)
                              ./Middlewares/Third_Party/LwIP/src/core/tcp.o (rand)
[...]
Memory Configuration

Name             Origin             Length             Attributes
RAM              0x0000000020000000 0x0000000000080000 xrw
FLASH            0x0000000008000000 0x0000000000200000 xr
*default*        0x0000000000000000 0xffffffffffffffff

Linker script and memory map

LOAD /opt/st/stm32cubeide_1.12.1/plugins/com.st.stm32cube.ide.mcu.externaltools.gnu-tools-for-stm32.10.3-2021.10.linux64_1.0.200.202301161003/tools/bin/../lib/gcc/arm-none-eabi/10.3.1/thumb/v7e-m+dp/hard/crti.o
LOAD /opt/st/stm32cubeide_1.12.1/plugins/com.st.stm32cube.ide.mcu.externaltools.gnu-tools-for-stm32.10.3-2021.10.linux64_1.0.200.202301161003/tools/bin/../lib/gcc/arm-none-eabi/10.3.1/thumb/v7e-m+dp/hard/crtbegin.o
LOAD /opt/st/stm32cubeide_1.12.1/plugins/com.st.stm32cube.ide.mcu.externaltools.gnu-tools-for-stm32.10.3-2021.10.linux64_1.0.200.202301161003/tools/bin/../lib/gcc/arm-none-eabi/10.3.1/../../../../arm-none-eabi/lib/thumb/v7e-m+dp/hard/crt0.o
LOAD ./Core/Src/freertos.o
LOAD ./Core/Src/main.o
LOAD ./Core/Src/stm32f7xx_hal_msp.o
LOAD ./Core/Src/stm32f7xx_hal_timebase_tim.o
LOAD ./Core/Src/stm32f7xx_it.o
LOAD ./Core/Src/syscalls.o
LOAD ./Core/Src/sysmem.o
LOAD ./Core/Src/system_stm32f7xx.o
LOAD ./Core/Startup/startup_stm32f767zitx.o
LOAD ./Drivers/BSP/Components/lan8742/lan8742.o
LOAD ./Drivers/STM32F7xx_HAL_Driver/Src/stm32f7xx_hal.o
LOAD ./Drivers/STM32F7xx_HAL_Driver/Src/stm32f7xx_hal_cortex.o
LOAD ./Drivers/STM32F7xx_HAL_Driver/Src/stm32f7xx_hal_dma.o
LOAD ./Drivers/STM32F7xx_HAL_Driver/Src/stm32f7xx_hal_dma_ex.o
LOAD ./Drivers/STM32F7xx_HAL_Driver/Src/stm32f7xx_hal_eth.o
LOAD ./Drivers/STM32F7xx_HAL_Driver/Src/stm32f7xx_hal_exti.o
LOAD ./Drivers/STM32F7xx_HAL_Driver/Src/stm32f7xx_hal_flash.o
LOAD ./Drivers/STM32F7xx_HAL_Driver/Src/stm32f7xx_hal_flash_ex.o
LOAD ./Drivers/STM32F7xx_HAL_Driver/Src/stm32f7xx_hal_gpio.o
LOAD ./Drivers/STM32F7xx_HAL_Driver/Src/stm32f7xx_hal_i2c.o
LOAD ./Drivers/STM32F7xx_HAL_Driver/Src/stm32f7xx_hal_i2c_ex.o
LOAD ./Drivers/STM32F7xx_HAL_Driver/Src/stm32f7xx_hal_pcd.o
LOAD ./Drivers/STM32F7xx_HAL_Driver/Src/stm32f7xx_hal_pcd_ex.o
LOAD ./Drivers/STM32F7xx_HAL_Driver/Src/stm32f7xx_hal_pwr.o
LOAD ./Drivers/STM32F7xx_HAL_Driver/Src/stm32f7xx_hal_pwr_ex.o
LOAD ./Drivers/STM32F7xx_HAL_Driver/Src/stm32f7xx_hal_rcc.o
LOAD ./Drivers/STM32F7xx_HAL_Driver/Src/stm32f7xx_hal_rcc_ex.o
LOAD ./Drivers/STM32F7xx_HAL_Driver/Src/stm32f7xx_hal_tim.o
LOAD ./Drivers/STM32F7xx_HAL_Driver/Src/stm32f7xx_hal_tim_ex.o
LOAD ./Drivers/STM32F7xx_HAL_Driver/Src/stm32f7xx_hal_uart.o
LOAD ./Drivers/STM32F7xx_HAL_Driver/Src/stm32f7xx_hal_uart_ex.o
LOAD ./Drivers/STM32F7xx_HAL_Driver/Src/stm32f7xx_ll_usb.o
LOAD ./LWIP/App/lwip.o
LOAD ./LWIP/Target/ethernetif.o
LOAD ./Middlewares/Third_Party/FreeRTOS/Source/CMSIS_RTOS/cmsis_os.o
LOAD ./Middlewares/Third_Party/FreeRTOS/Source/croutine.o
LOAD ./Middlewares/Third_Party/FreeRTOS/Source/event_groups.o
LOAD ./Middlewares/Third_Party/FreeRTOS/Source/list.o
LOAD ./Middlewares/Third_Party/FreeRTOS/Source/queue.o
LOAD ./Middlewares/Third_Party/FreeRTOS/Source/stream_buffer.o
LOAD ./Middlewares/Third_Party/FreeRTOS/Source/tasks.o
LOAD ./Middlewares/Third_Party/FreeRTOS/Source/timers.o
LOAD ./Middlewares/Third_Party/FreeRTOS/Source/portable/GCC/ARM_CM7/r0p1/port.o
LOAD ./Middlewares/Third_Party/FreeRTOS/Source/portable/MemMang/heap_4.o
LOAD ./Middlewares/Third_Party/LwIP/src/api/api_lib.o
LOAD ./Middlewares/Third_Party/LwIP/src/api/api_msg.o
LOAD ./Middlewares/Third_Party/LwIP/src/api/err.o
LOAD ./Middlewares/Third_Party/LwIP/src/api/if_api.o
LOAD ./Middlewares/Third_Party/LwIP/src/api/netbuf.o
LOAD ./Middlewares/Third_Party/LwIP/src/api/netdb.o
LOAD ./Middlewares/Third_Party/LwIP/src/api/netifapi.o
LOAD ./Middlewares/Third_Party/LwIP/src/api/sockets.o
LOAD ./Middlewares/Third_Party/LwIP/src/api/tcpip.o
LOAD ./Middlewares/Third_Party/LwIP/src/apps/mqtt/mqtt.o
LOAD ./Middlewares/Third_Party/LwIP/src/core/altcp.o
LOAD ./Middlewares/Third_Party/LwIP/src/core/altcp_alloc.o
LOAD ./Middlewares/Third_Party/LwIP/src/core/altcp_tcp.o
LOAD ./Middlewares/Third_Party/LwIP/src/core/def.o
LOAD ./Middlewares/Third_Party/LwIP/src/core/dns.o
LOAD ./Middlewares/Third_Party/LwIP/src/core/inet_chksum.o
LOAD ./Middlewares/Third_Party/LwIP/src/core/init.o
LOAD ./Middlewares/Third_Party/LwIP/src/core/ip.o
LOAD ./Middlewares/Third_Party/LwIP/src/core/mem.o
LOAD ./Middlewares/Third_Party/LwIP/src/core/memp.o
LOAD ./Middlewares/Third_Party/LwIP/src/core/netif.o
LOAD ./Middlewares/Third_Party/LwIP/src/core/pbuf.o
LOAD ./Middlewares/Third_Party/LwIP/src/core/raw.o
LOAD ./Middlewares/Third_Party/LwIP/src/core/stats.o
LOAD ./Middlewares/Third_Party/LwIP/src/core/sys.o
LOAD ./Middlewares/Third_Party/LwIP/src/core/tcp.o
LOAD ./Middlewares/Third_Party/LwIP/src/core/tcp_in.o
LOAD ./Middlewares/Third_Party/LwIP/src/core/tcp_out.o
LOAD ./Middlewares/Third_Party/LwIP/src/core/timeouts.o
LOAD ./Middlewares/Third_Party/LwIP/src/core/udp.o
LOAD ./Middlewares/Third_Party/LwIP/src/core/ipv4/autoip.o
LOAD ./Middlewares/Third_Party/LwIP/src/core/ipv4/dhcp.o
LOAD ./Middlewares/Third_Party/LwIP/src/core/ipv4/etharp.o
LOAD ./Middlewares/Third_Party/LwIP/src/core/ipv4/icmp.o
LOAD ./Middlewares/Third_Party/LwIP/src/core/ipv4/igmp.o
LOAD ./Middlewares/Third_Party/LwIP/src/core/ipv4/ip4.o
LOAD ./Middlewares/Third_Party/LwIP/src/core/ipv4/ip4_addr.o
LOAD ./Middlewares/Third_Party/LwIP/src/core/ipv4/ip4_frag.o
LOAD ./Middlewares/Third_Party/LwIP/src/core/ipv6/dhcp6.o
LOAD ./Middlewares/Third_Party/LwIP/src/core/ipv6/ethip6.o
LOAD ./Middlewares/Third_Party/LwIP/src/core/ipv6/icmp6.o
LOAD ./Middlewares/Third_Party/LwIP/src/core/ipv6/inet6.o
LOAD ./Middlewares/Third_Party/LwIP/src/core/ipv6/ip6.o
LOAD ./Middlewares/Third_Party/LwIP/src/core/ipv6/ip6_addr.o
LOAD ./Middlewares/Third_Party/LwIP/src/core/ipv6/ip6_frag.o
LOAD ./Middlewares/Third_Party/LwIP/src/core/ipv6/mld6.o
LOAD ./Middlewares/Third_Party/LwIP/src/core/ipv6/nd6.o
LOAD ./Middlewares/Third_Party/LwIP/src/netif/bridgeif.o
LOAD ./Middlewares/Third_Party/LwIP/src/netif/bridgeif_fdb.o
LOAD ./Middlewares/Third_Party/LwIP/src/netif/ethernet.o
LOAD ./Middlewares/Third_Party/LwIP/src/netif/lowpan6.o
LOAD ./Middlewares/Third_Party/LwIP/src/netif/lowpan6_ble.o
LOAD ./Middlewares/Third_Party/LwIP/src/netif/lowpan6_common.o
LOAD ./Middlewares/Third_Party/LwIP/src/netif/slipif.o
LOAD ./Middlewares/Third_Party/LwIP/src/netif/zepif.o
LOAD ./Middlewares/Third_Party/LwIP/src/netif/ppp/auth.o
LOAD ./Middlewares/Third_Party/LwIP/src/netif/ppp/ccp.o
LOAD ./Middlewares/Third_Party/LwIP/src/netif/ppp/chap-md5.o
LOAD ./Middlewares/Third_Party/LwIP/src/netif/ppp/chap-new.o
LOAD ./Middlewares/Third_Party/LwIP/src/netif/ppp/chap_ms.o
LOAD ./Middlewares/Third_Party/LwIP/src/netif/ppp/demand.o
LOAD ./Middlewares/Third_Party/LwIP/src/netif/ppp/eap.o
LOAD ./Middlewares/Third_Party/LwIP/src/netif/ppp/ecp.o
LOAD ./Middlewares/Third_Party/LwIP/src/netif/ppp/eui64.o
LOAD ./Middlewares/Third_Party/LwIP/src/netif/ppp/fsm.o
LOAD ./Middlewares/Third_Party/LwIP/src/netif/ppp/ipcp.o
LOAD ./Middlewares/Third_Party/LwIP/src/netif/ppp/ipv6cp.o
LOAD ./Middlewares/Third_Party/LwIP/src/netif/ppp/lcp.o
LOAD ./Middlewares/Third_Party/LwIP/src/netif/ppp/magic.o
LOAD ./Middlewares/Third_Party/LwIP/src/netif/ppp/mppe.o
LOAD ./Middlewares/Third_Party/LwIP/src/netif/ppp/multilink.o
LOAD ./Middlewares/Third_Party/LwIP/src/netif/ppp/ppp.o
LOAD ./Middlewares/Third_Party/LwIP/src/netif/ppp/pppapi.o
LOAD ./Middlewares/Third_Party/LwIP/src/netif/ppp/pppcrypt.o
LOAD ./Middlewares/Third_Party/LwIP/src/netif/ppp/pppoe.o
LOAD ./Middlewares/Third_Party/LwIP/src/netif/ppp/pppol2tp.o
LOAD ./Middlewares/Third_Party/LwIP/src/netif/ppp/pppos.o
LOAD ./Middlewares/Third_Party/LwIP/src/netif/ppp/upap.o
LOAD ./Middlewares/Third_Party/LwIP/src/netif/ppp/utils.o
LOAD ./Middlewares/Third_Party/LwIP/src/netif/ppp/vj.o
LOAD ./Middlewares/Third_Party/LwIP/system/OS/sys_arch.o
LOAD ./Middlewares/Third_Party/MQTT/MQTTClient.o
LOAD ./Middlewares/Third_Party/MQTT/MQTTInterface.o
LOAD ./Middlewares/Third_Party/MQTT/MQTTPacket/src/MQTTConnectClient.o
LOAD ./Middlewares/Third_Party/MQTT/MQTTPacket/src/MQTTConnectServer.o
LOAD ./Middlewares/Third_Party/MQTT/MQTTPacket/src/MQTTDeserializePublish.o
LOAD ./Middlewares/Third_Party/MQTT/MQTTPacket/src/MQTTFormat.o
LOAD ./Middlewares/Third_Party/MQTT/MQTTPacket/src/MQTTPacket.o
LOAD ./Middlewares/Third_Party/MQTT/MQTTPacket/src/MQTTSerializePublish.o
LOAD ./Middlewares/Third_Party/MQTT/MQTTPacket/src/MQTTSubscribeClient.o
LOAD ./Middlewares/Third_Party/MQTT/MQTTPacket/src/MQTTSubscribeServer.o
LOAD ./Middlewares/Third_Party/MQTT/MQTTPacket/src/MQTTUnsubscribeClient.o
LOAD ./Middlewares/Third_Party/MQTT/MQTTPacket/src/MQTTUnsubscribeServer.o
START GROUP
LOAD /opt/st/stm32cubeide_1.12.1/plugins/com.st.stm32cube.ide.mcu.externaltools.gnu-tools-for-stm32.10.3-2021.10.linux64_1.0.200.202301161003/tools/bin/../lib/gcc/arm-none-eabi/10.3.1/../../../../arm-none-eabi/lib/thumb/v7e-m+dp/hard/libc_nano.a
LOAD /opt/st/stm32cubeide_1.12.1/plugins/com.st.stm32cube.ide.mcu.externaltools.gnu-tools-for-stm32.10.3-2021.10.linux64_1.0.200.202301161003/tools/bin/../lib/gcc/arm-none-eabi/10.3.1/../../../../arm-none-eabi/lib/thumb/v7e-m+dp/hard/libm.a
END GROUP
START GROUP
LOAD /opt/st/stm32cubeide_1.12.1/plugins/com.st.stm32cube.ide.mcu.externaltools.gnu-tools-for-stm32.10.3-2021.10.linux64_1.0.200.202301161003/tools/bin/../lib/gcc/arm-none-eabi/10.3.1/thumb/v7e-m+dp/hard/libgcc.a
LOAD /opt/st/stm32cubeide_1.12.1/plugins/com.st.stm32cube.ide.mcu.externaltools.gnu-tools-for-stm32.10.3-2021.10.linux64_1.0.200.202301161003/tools/bin/../lib/gcc/arm-none-eabi/10.3.1/../../../../arm-none-eabi/lib/thumb/v7e-m+dp/hard/libc_nano.a
END GROUP
START GROUP
LOAD /opt/st/stm32cubeide_1.12.1/plugins/com.st.stm32cube.ide.mcu.externaltools.gnu-tools-for-stm32.10.3-2021.10.linux64_1.0.200.202301161003/tools/bin/../lib/gcc/arm-none-eabi/10.3.1/thumb/v7e-m+dp/hard/libgcc.a
LOAD /opt/st/stm32cubeide_1.12.1/plugins/com.st.stm32cube.ide.mcu.externaltools.gnu-tools-for-stm32.10.3-2021.10.linux64_1.0.200.202301161003/tools/bin/../lib/gcc/arm-none-eabi/10.3.1/../../../../arm-none-eabi/lib/thumb/v7e-m+dp/hard/libc_nano.a
LOAD /opt/st/stm32cubeide_1.12.1/plugins/com.st.stm32cube.ide.mcu.externaltools.gnu-tools-for-stm32.10.3-2021.10.linux64_1.0.200.202301161003/tools/bin/../lib/gcc/arm-none-eabi/10.3.1/../../../../arm-none-eabi/lib/thumb/v7e-m+dp/hard/libnosys.a
END GROUP
START GROUP
LOAD /opt/st/stm32cubeide_1.12.1/plugins/com.st.stm32cube.ide.mcu.externaltools.gnu-tools-for-stm32.10.3-2021.10.linux64_1.0.200.202301161003/tools/bin/../lib/gcc/arm-none-eabi/10.3.1/thumb/v7e-m+dp/hard/libgcc.a
LOAD /opt/st/stm32cubeide_1.12.1/plugins/com.st.stm32cube.ide.mcu.externaltools.gnu-tools-for-stm32.10.3-2021.10.linux64_1.0.200.202301161003/tools/bin/../lib/gcc/arm-none-eabi/10.3.1/../../../../arm-none-eabi/lib/thumb/v7e-m+dp/hard/libc_nano.a
LOAD /opt/st/stm32cubeide_1.12.1/plugins/com.st.stm32cube.ide.mcu.externaltools.gnu-tools-for-stm32.10.3-2021.10.linux64_1.0.200.202301161003/tools/bin/../lib/gcc/arm-none-eabi/10.3.1/../../../../arm-none-eabi/lib/thumb/v7e-m+dp/hard/libnosys.a
END GROUP
LOAD /opt/st/stm32cubeide_1.12.1/plugins/com.st.stm32cube.ide.mcu.externaltools.gnu-tools-for-stm32.10.3-2021.10.linux64_1.0.200.202301161003/tools/bin/../lib/gcc/arm-none-eabi/10.3.1/thumb/v7e-m+dp/hard/crtend.o
LOAD /opt/st/stm32cubeide_1.12.1/plugins/com.st.stm32cube.ide.mcu.externaltools.gnu-tools-for-stm32.10.3-2021.10.linux64_1.0.200.202301161003/tools/bin/../lib/gcc/arm-none-eabi/10.3.1/thumb/v7e-m+dp/hard/crtn.o
                0x0000000020080000                _estack = (ORIGIN (RAM) + LENGTH (RAM))
                0x0000000000000200                _Min_Heap_Size = 0x200
                0x0000000000000400                _Min_Stack_Size = 0x400

.isr_vector     0x0000000008000000      0x1f8
                0x0000000008000000                . = ALIGN (0x4)
 *(.isr_vector)
 .isr_vector    0x0000000008000000      0x1f8 ./Core/Startup/startup_stm32f767zitx.o
                0x0000000008000000                g_pfnVectors
                0x00000000080001f8                . = ALIGN (0x4)

.text           0x0000000008000200     0xf860
                0x0000000008000200                . = ALIGN (0x4)
 *(.text)
 .text          0x0000000008000200       0x40 /opt/st/stm32cubeide_1.12.1/plugins/com.st.stm32cube.ide.mcu.externaltools.gnu-tools-for-stm32.10.3-2021.10.linux64_1.0.200.202301161003/tools/bin/../lib/gcc/arm-none-eabi/10.3.1/thumb/v7e-m+dp/hard/crtbegin.o
 .text          0x0000000008000240       0x14 /opt/st/stm32cubeide_1.12.1/plugins/com.st.stm32cube.ide.mcu.externaltools.gnu-tools-for-stm32.10.3-2021.10.linux64_1.0.200.202301161003/tools/bin/../lib/gcc/arm-none-eabi/10.3.1/../../../../arm-none-eabi/lib/thumb/v7e-m+dp/hard/libc_nano.a(lib_a-strcmp.o)
                0x0000000008000240                strcmp
 .text          0x0000000008000254       0x10 /opt/st/stm32cubeide_1.12.1/plugins/com.st.stm32cube.ide.mcu.externaltools.gnu-tools-for-stm32.10.3-2021.10.linux64_1.0.200.202301161003/tools/bin/../lib/gcc/arm-none-eabi/10.3.1/../../../../arm-none-eabi/lib/thumb/v7e-m+dp/hard/libc_nano.a(lib_a-strlen.o)
                0x0000000008000254                strlen
 *fill*         0x0000000008000264        0xc 
 .text          0x0000000008000270       0xa0 /opt/st/stm32cubeide_1.12.1/plugins/com.st.stm32cube.ide.mcu.externaltools.gnu-tools-for-stm32.10.3-2021.10.linux64_1.0.200.202301161003/tools/bin/../lib/gcc/arm-none-eabi/10.3.1/../../../../arm-none-eabi/lib/thumb/v7e-m+dp/hard/libc_nano.a(lib_a-memchr.o)
                0x0000000008000270                memchr
 .text          0x0000000008000310       0x30 /opt/st/stm32cubeide_1.12.1/plugins/com.st.stm32cube.ide.mcu.externaltools.gnu-tools-for-stm32.10.3-2021.10.linux64_1.0.200.202301161003/tools/bin/../lib/gcc/arm-none-eabi/10.3.1/thumb/v7e-m+dp/hard/libgcc.a(_aeabi_uldivmod.o)
                0x0000000008000310                __aeabi_uldivmod
 .text          0x0000000008000340      0x2d0 /opt/st/stm32cubeide_1.12.1/plugins/com.st.stm32cube.ide.mcu.externaltools.gnu-tools-for-stm32.10.3-2021.10.linux64_1.0.200.202301161003/tools/bin/../lib/gcc/arm-none-eabi/10.3.1/thumb/v7e-m+dp/hard/libgcc.a(_udivmoddi4.o)
                0x0000000008000340                __udivmoddi4
 .text          0x0000000008000610        0x4 /opt/st/stm32cubeide_1.12.1/plugins/com.st.stm32cube.ide.mcu.externaltools.gnu-tools-for-stm32.10.3-2021.10.linux64_1.0.200.202301161003/tools/bin/../lib/gcc/arm-none-eabi/10.3.1/thumb/v7e-m+dp/hard/libgcc.a(_dvmd_tls.o)
                0x0000000008000610                __aeabi_ldiv0
                0x0000000008000610                __aeabi_idiv0
 *(.text*)
 .text.MqttMessageArrived
                0x0000000008000614       0x40 ./Core/Src/freertos.o
                0x0000000008000614                MqttMessageArrived
 .text.vApplicationGetIdleTaskMemory
                0x0000000008000654       0x18 ./Core/Src/freertos.o
                0x0000000008000654                vApplicationGetIdleTaskMemory
 .text.MqttClientPubTask
                0x000000000800066c       0x34 ./Core/Src/freertos.o
                0x000000000800066c                MqttClientPubTask
 .text.MqttConnectBroker
                0x00000000080006a0       0xd0 ./Core/Src/freertos.o
                0x00000000080006a0                MqttConnectBroker
 .text.MqttClientSubTask
                0x0000000008000770       0x54 ./Core/Src/freertos.o
                0x0000000008000770                MqttClientSubTask
 .text.EngagePin
                0x00000000080007c4        0xc ./Core/Src/freertos.o
                0x00000000080007c4                EngagePin
 .text.StartDefaultTask
                0x00000000080007d0       0x5c ./Core/Src/main.o
                0x00000000080007d0                StartDefaultTask
 .text.SystemClock_Config
                0x000000000800082c       0xac ./Core/Src/main.o
                0x000000000800082c                SystemClock_Config
 .text.startup.main
                0x00000000080008d8      0x268 ./Core/Src/main.o
                0x00000000080008d8                main
 .text.HAL_TIM_PeriodElapsedCallback
                0x0000000008000b40       0x14 ./Core/Src/main.o
                0x0000000008000b40                HAL_TIM_PeriodElapsedCallback
 .text.Error_Handler
                0x0000000008000b54        0x4 ./Core/Src/main.o
                0x0000000008000b54                Error_Handler
 .text.HAL_MspInit
                0x0000000008000b58       0x3c ./Core/Src/stm32f7xx_hal_msp.o
                0x0000000008000b58                HAL_MspInit
 .text.HAL_UART_MspInit
                0x0000000008000b94       0x88 ./Core/Src/stm32f7xx_hal_msp.o
                0x0000000008000b94                HAL_UART_MspInit
 .text.HAL_PCD_MspInit
                0x0000000008000c1c       0xa8 ./Core/Src/stm32f7xx_hal_msp.o
                0x0000000008000c1c                HAL_PCD_MspInit
 .text.HAL_InitTick
                0x0000000008000cc4       0x9c ./Core/Src/stm32f7xx_hal_timebase_tim.o
                0x0000000008000cc4                HAL_InitTick
 .text.NMI_Handler
                0x0000000008000d60        0x2 ./Core/Src/stm32f7xx_it.o
                0x0000000008000d60                NMI_Handler
 .text.HardFault_Handler
                0x0000000008000d62        0x2 ./Core/Src/stm32f7xx_it.o
                0x0000000008000d62                HardFault_Handler
 .text.MemManage_Handler
                0x0000000008000d64        0x2 ./Core/Src/stm32f7xx_it.o
                0x0000000008000d64                MemManage_Handler
 .text.BusFault_Handler
                0x0000000008000d66        0x2 ./Core/Src/stm32f7xx_it.o
                0x0000000008000d66                BusFault_Handler
 .text.UsageFault_Handler
                0x0000000008000d68        0x2 ./Core/Src/stm32f7xx_it.o
                0x0000000008000d68                UsageFault_Handler
 .text.DebugMon_Handler
                0x0000000008000d6a        0x2 ./Core/Src/stm32f7xx_it.o
                0x0000000008000d6a                DebugMon_Handler
 .text.TIM6_DAC_IRQHandler
                0x0000000008000d6c        0xc ./Core/Src/stm32f7xx_it.o
                0x0000000008000d6c                TIM6_DAC_IRQHandler
 .text.ETH_IRQHandler
                0x0000000008000d78        0xc ./Core/Src/stm32f7xx_it.o
                0x0000000008000d78                ETH_IRQHandler
 .text._getpid  0x0000000008000d84        0x4 ./Core/Src/syscalls.o
                0x0000000008000d84                _getpid
 .text._kill    0x0000000008000d88       0x10 ./Core/Src/syscalls.o
                0x0000000008000d88                _kill
 .text._exit    0x0000000008000d98        0xc ./Core/Src/syscalls.o
                0x0000000008000d98                _exit
 .text._read    0x0000000008000da4       0x1c ./Core/Src/syscalls.o
                0x0000000008000da4                _read
 .text._write   0x0000000008000dc0       0x1c ./Core/Src/syscalls.o
                0x0000000008000dc0                _write
 .text._close   0x0000000008000ddc        0x6 ./Core/Src/syscalls.o
                0x0000000008000ddc                _close
 .text._fstat   0x0000000008000de2        0xa ./Core/Src/syscalls.o
                0x0000000008000de2                _fstat
 .text._isatty  0x0000000008000dec        0x4 ./Core/Src/syscalls.o
                0x0000000008000dec                _isatty
 .text._lseek   0x0000000008000df0        0x4 ./Core/Src/syscalls.o
                0x0000000008000df0                _lseek
 .text._sbrk    0x0000000008000df4       0x40 ./Core/Src/sysmem.o
                0x0000000008000df4                _sbrk
 .text.SystemInit
                0x0000000008000e34       0x14 ./Core/Src/system_stm32f7xx.o
                0x0000000008000e34                SystemInit
 .text.Reset_Handler
                0x0000000008000e48       0x50 ./Core/Startup/startup_stm32f767zitx.o
                0x0000000008000e48                Reset_Handler
 .text.Default_Handler
                0x0000000008000e98        0x2 ./Core/Startup/startup_stm32f767zitx.o
                0x0000000008000e98                RTC_Alarm_IRQHandler
                0x0000000008000e98                EXTI2_IRQHandler
                0x0000000008000e98                TIM8_CC_IRQHandler
                0x0000000008000e98                UART8_IRQHandler
                0x0000000008000e98                SPI4_IRQHandler
                0x0000000008000e98                TIM1_CC_IRQHandler
                0x0000000008000e98                DMA2_Stream5_IRQHandler
                0x0000000008000e98                JPEG_IRQHandler
                0x0000000008000e98                DMA1_Stream5_IRQHandler
                0x0000000008000e98                CAN3_RX1_IRQHandler
                0x0000000008000e98                PVD_IRQHandler
                0x0000000008000e98                TAMP_STAMP_IRQHandler
                0x0000000008000e98                CAN2_RX1_IRQHandler
                0x0000000008000e98                EXTI3_IRQHandler
                0x0000000008000e98                TIM8_TRG_COM_TIM14_IRQHandler
                0x0000000008000e98                DFSDM1_FLT1_IRQHandler
                0x0000000008000e98                TIM1_UP_TIM10_IRQHandler
                0x0000000008000e98                TIM8_UP_TIM13_IRQHandler
                0x0000000008000e98                I2C3_ER_IRQHandler
                0x0000000008000e98                DFSDM1_FLT2_IRQHandler
                0x0000000008000e98                EXTI0_IRQHandler
                0x0000000008000e98                I2C2_EV_IRQHandler
                0x0000000008000e98                DMA1_Stream2_IRQHandler
                0x0000000008000e98                CAN1_RX0_IRQHandler
                0x0000000008000e98                FPU_IRQHandler
                0x0000000008000e98                OTG_HS_WKUP_IRQHandler
                0x0000000008000e98                CAN3_SCE_IRQHandler
                0x0000000008000e98                LTDC_ER_IRQHandler
                0x0000000008000e98                CAN2_SCE_IRQHandler
                0x0000000008000e98                DMA2_Stream2_IRQHandler
                0x0000000008000e98                SPI1_IRQHandler
                0x0000000008000e98                TIM1_BRK_TIM9_IRQHandler
                0x0000000008000e98                DCMI_IRQHandler
                0x0000000008000e98                CAN2_RX0_IRQHandler
                0x0000000008000e98                DMA2_Stream3_IRQHandler
                0x0000000008000e98                SAI2_IRQHandler
                0x0000000008000e98                DFSDM1_FLT3_IRQHandler
                0x0000000008000e98                USART6_IRQHandler
                0x0000000008000e98                CAN3_RX0_IRQHandler
                0x0000000008000e98                USART3_IRQHandler
                0x0000000008000e98                CAN1_RX1_IRQHandler
                0x0000000008000e98                UART5_IRQHandler
                0x0000000008000e98                DMA2_Stream0_IRQHandler
                0x0000000008000e98                TIM4_IRQHandler
                0x0000000008000e98                QUADSPI_IRQHandler
                0x0000000008000e98                I2C1_EV_IRQHandler
                0x0000000008000e98                DMA1_Stream6_IRQHandler
                0x0000000008000e98                DMA1_Stream1_IRQHandler
                0x0000000008000e98                UART4_IRQHandler
                0x0000000008000e98                TIM3_IRQHandler
                0x0000000008000e98                RCC_IRQHandler
                0x0000000008000e98                TIM8_BRK_TIM12_IRQHandler
                0x0000000008000e98                Default_Handler
                0x0000000008000e98                CEC_IRQHandler
                0x0000000008000e98                EXTI15_10_IRQHandler
                0x0000000008000e98                ADC_IRQHandler
                0x0000000008000e98                DMA1_Stream7_IRQHandler
                0x0000000008000e98                SPI5_IRQHandler
                0x0000000008000e98                TIM7_IRQHandler
                0x0000000008000e98                SDMMC1_IRQHandler
                0x0000000008000e98                CAN2_TX_IRQHandler
                0x0000000008000e98                TIM5_IRQHandler
                0x0000000008000e98                DMA2_Stream7_IRQHandler
                0x0000000008000e98                I2C3_EV_IRQHandler
                0x0000000008000e98                EXTI9_5_IRQHandler
                0x0000000008000e98                RTC_WKUP_IRQHandler
                0x0000000008000e98                LTDC_IRQHandler
                0x0000000008000e98                ETH_WKUP_IRQHandler
                0x0000000008000e98                SPDIF_RX_IRQHandler
                0x0000000008000e98                SPI2_IRQHandler
                0x0000000008000e98                OTG_HS_EP1_IN_IRQHandler
                0x0000000008000e98                DMA1_Stream0_IRQHandler
                0x0000000008000e98                CAN1_TX_IRQHandler
                0x0000000008000e98                EXTI4_IRQHandler
                0x0000000008000e98                RNG_IRQHandler
                0x0000000008000e98                OTG_HS_EP1_OUT_IRQHandler
                0x0000000008000e98                WWDG_IRQHandler
                0x0000000008000e98                SPI6_IRQHandler
                0x0000000008000e98                MDIOS_IRQHandler
                0x0000000008000e98                I2C4_EV_IRQHandler
                0x0000000008000e98                CAN3_TX_IRQHandler
                0x0000000008000e98                TIM2_IRQHandler
                0x0000000008000e98                OTG_FS_WKUP_IRQHandler
                0x0000000008000e98                TIM1_TRG_COM_TIM11_IRQHandler
                0x0000000008000e98                OTG_HS_IRQHandler
                0x0000000008000e98                DMA2D_IRQHandler
                0x0000000008000e98                EXTI1_IRQHandler
                0x0000000008000e98                SDMMC2_IRQHandler
                0x0000000008000e98                UART7_IRQHandler
                0x0000000008000e98                USART2_IRQHandler
                0x0000000008000e98                DFSDM1_FLT0_IRQHandler
                0x0000000008000e98                I2C2_ER_IRQHandler
                0x0000000008000e98                DMA2_Stream1_IRQHandler
                0x0000000008000e98                CAN1_SCE_IRQHandler
                0x0000000008000e98                FLASH_IRQHandler
                0x0000000008000e98                DMA2_Stream4_IRQHandler
                0x0000000008000e98                USART1_IRQHandler
                0x0000000008000e98                OTG_FS_IRQHandler
                0x0000000008000e98                SPI3_IRQHandler
                0x0000000008000e98                DMA1_Stream4_IRQHandler
                0x0000000008000e98                I2C1_ER_IRQHandler
                0x0000000008000e98                FMC_IRQHandler
                0x0000000008000e98                LPTIM1_IRQHandler
                0x0000000008000e98                I2C4_ER_IRQHandler
                0x0000000008000e98                DMA2_Stream6_IRQHandler
                0x0000000008000e98                SAI1_IRQHandler
                0x0000000008000e98                DMA1_Stream3_IRQHandler
 .text.LAN8742_RegisterBusIO
                0x0000000008000e9a       0x28 ./Drivers/BSP/Components/lan8742/lan8742.o
                0x0000000008000e9a                LAN8742_RegisterBusIO
 .text.LAN8742_Init
                0x0000000008000ec2       0xc2 ./Drivers/BSP/Components/lan8742/lan8742.o
                0x0000000008000ec2                LAN8742_Init
 .text.LAN8742_GetLinkState
                0x0000000008000f84       0x94 ./Drivers/BSP/Components/lan8742/lan8742.o
                0x0000000008000f84                LAN8742_GetLinkState
 .text.HAL_Init
                0x0000000008001018       0x16 ./Drivers/STM32F7xx_HAL_Driver/Src/stm32f7xx_hal.o
                0x0000000008001018                HAL_Init
 *fill*         0x000000000800102e        0x2 
 .text.HAL_IncTick
                0x0000000008001030       0x18 ./Drivers/STM32F7xx_HAL_Driver/Src/stm32f7xx_hal.o
                0x0000000008001030                HAL_IncTick
 .text.HAL_GetTick
                0x0000000008001048        0xc ./Drivers/STM32F7xx_HAL_Driver/Src/stm32f7xx_hal.o
                0x0000000008001048                HAL_GetTick
 .text.HAL_Delay
                0x0000000008001054       0x24 ./Drivers/STM32F7xx_HAL_Driver/Src/stm32f7xx_hal.o
                0x0000000008001054                HAL_Delay
 .text.HAL_NVIC_SetPriorityGrouping
                0x0000000008001078       0x24 ./Drivers/STM32F7xx_HAL_Driver/Src/stm32f7xx_hal_cortex.o
                0x0000000008001078                HAL_NVIC_SetPriorityGrouping
 .text.HAL_NVIC_SetPriority
                0x000000000800109c       0x64 ./Drivers/STM32F7xx_HAL_Driver/Src/stm32f7xx_hal_cortex.o
                0x000000000800109c                HAL_NVIC_SetPriority
 .text.HAL_NVIC_EnableIRQ
                0x0000000008001100       0x1c ./Drivers/STM32F7xx_HAL_Driver/Src/stm32f7xx_hal_cortex.o
                0x0000000008001100                HAL_NVIC_EnableIRQ
 .text.HAL_MPU_Disable
                0x000000000800111c       0x1c ./Drivers/STM32F7xx_HAL_Driver/Src/stm32f7xx_hal_cortex.o
                0x000000000800111c                HAL_MPU_Disable
 .text.HAL_MPU_Enable
                0x0000000008001138       0x20 ./Drivers/STM32F7xx_HAL_Driver/Src/stm32f7xx_hal_cortex.o
                0x0000000008001138                HAL_MPU_Enable
 .text.HAL_MPU_ConfigRegion
                0x0000000008001158       0x58 ./Drivers/STM32F7xx_HAL_Driver/Src/stm32f7xx_hal_cortex.o
                0x0000000008001158                HAL_MPU_ConfigRegion
 .text.ETH_Prepare_Tx_Descriptors
                0x00000000080011b0      0x154 ./Drivers/STM32F7xx_HAL_Driver/Src/stm32f7xx_hal_eth.o
 .text.ETH_SetMACConfig
                0x0000000008001304      0x108 ./Drivers/STM32F7xx_HAL_Driver/Src/stm32f7xx_hal_eth.o
 .text.ETH_SetDMAConfig
                0x000000000800140c       0xac ./Drivers/STM32F7xx_HAL_Driver/Src/stm32f7xx_hal_eth.o
 .text.ETH_FlushTransmitFIFO
                0x00000000080014b8       0x2e ./Drivers/STM32F7xx_HAL_Driver/Src/stm32f7xx_hal_eth.o
 *fill*         0x00000000080014e6        0x2 
 .text.ETH_UpdateDescriptor
                0x00000000080014e8       0x90 ./Drivers/STM32F7xx_HAL_Driver/Src/stm32f7xx_hal_eth.o
 .text.HAL_ETH_Init
                0x0000000008001578      0x1d4 ./Drivers/STM32F7xx_HAL_Driver/Src/stm32f7xx_hal_eth.o
                0x0000000008001578                HAL_ETH_Init
 .text.HAL_ETH_Start_IT
                0x000000000800174c       0xa2 ./Drivers/STM32F7xx_HAL_Driver/Src/stm32f7xx_hal_eth.o
                0x000000000800174c                HAL_ETH_Start_IT
 .text.HAL_ETH_Stop_IT
                0x00000000080017ee       0x8a ./Drivers/STM32F7xx_HAL_Driver/Src/stm32f7xx_hal_eth.o
                0x00000000080017ee                HAL_ETH_Stop_IT
 .text.HAL_ETH_Transmit_IT
                0x0000000008001878       0x64 ./Drivers/STM32F7xx_HAL_Driver/Src/stm32f7xx_hal_eth.o
                0x0000000008001878                HAL_ETH_Transmit_IT
 .text.HAL_ETH_ReadData
                0x00000000080018dc       0xfa ./Drivers/STM32F7xx_HAL_Driver/Src/stm32f7xx_hal_eth.o
                0x00000000080018dc                HAL_ETH_ReadData
 .text.HAL_ETH_ReleaseTxPacket
                0x00000000080019d6       0x56 ./Drivers/STM32F7xx_HAL_Driver/Src/stm32f7xx_hal_eth.o
                0x00000000080019d6                HAL_ETH_ReleaseTxPacket
 .text.HAL_ETH_PMTCallback
                0x0000000008001a2c        0x2 ./Drivers/STM32F7xx_HAL_Driver/Src/stm32f7xx_hal_eth.o
                0x0000000008001a2c                HAL_ETH_PMTCallback
 .text.HAL_ETH_WakeUpCallback
                0x0000000008001a2e        0x2 ./Drivers/STM32F7xx_HAL_Driver/Src/stm32f7xx_hal_eth.o
                0x0000000008001a2e                HAL_ETH_WakeUpCallback
 .text.HAL_ETH_IRQHandler
                0x0000000008001a30       0xd8 ./Drivers/STM32F7xx_HAL_Driver/Src/stm32f7xx_hal_eth.o
                0x0000000008001a30                HAL_ETH_IRQHandler
 .text.HAL_ETH_ReadPHYRegister
                0x0000000008001b08       0x50 ./Drivers/STM32F7xx_HAL_Driver/Src/stm32f7xx_hal_eth.o
                0x0000000008001b08                HAL_ETH_ReadPHYRegister
 .text.HAL_ETH_WritePHYRegister
                0x0000000008001b58       0x4a ./Drivers/STM32F7xx_HAL_Driver/Src/stm32f7xx_hal_eth.o
                0x0000000008001b58                HAL_ETH_WritePHYRegister
 .text.HAL_ETH_GetMACConfig
                0x0000000008001ba2       0xc4 ./Drivers/STM32F7xx_HAL_Driver/Src/stm32f7xx_hal_eth.o
                0x0000000008001ba2                HAL_ETH_GetMACConfig
 .text.HAL_ETH_SetMACConfig
                0x0000000008001c66       0x18 ./Drivers/STM32F7xx_HAL_Driver/Src/stm32f7xx_hal_eth.o
                0x0000000008001c66                HAL_ETH_SetMACConfig
 *fill*         0x0000000008001c7e        0x2 
 .text.HAL_ETH_SetMDIOClockRange
                0x0000000008001c80       0x74 ./Drivers/STM32F7xx_HAL_Driver/Src/stm32f7xx_hal_eth.o
                0x0000000008001c80                HAL_ETH_SetMDIOClockRange
 .text.HAL_ETH_GetDMAError
                0x0000000008001cf4        0x6 ./Drivers/STM32F7xx_HAL_Driver/Src/stm32f7xx_hal_eth.o
                0x0000000008001cf4                HAL_ETH_GetDMAError
 *fill*         0x0000000008001cfa        0x2 
 .text.HAL_GPIO_Init
                0x0000000008001cfc      0x1c8 ./Drivers/STM32F7xx_HAL_Driver/Src/stm32f7xx_hal_gpio.o
                0x0000000008001cfc                HAL_GPIO_Init
 .text.HAL_GPIO_WritePin
                0x0000000008001ec4        0xa ./Drivers/STM32F7xx_HAL_Driver/Src/stm32f7xx_hal_gpio.o
                0x0000000008001ec4                HAL_GPIO_WritePin
 .text.HAL_GPIO_TogglePin
                0x0000000008001ece       0x12 ./Drivers/STM32F7xx_HAL_Driver/Src/stm32f7xx_hal_gpio.o
                0x0000000008001ece                HAL_GPIO_TogglePin
 .text.HAL_PCD_Init
                0x0000000008001ee0      0x112 ./Drivers/STM32F7xx_HAL_Driver/Src/stm32f7xx_hal_pcd.o
                0x0000000008001ee0                HAL_PCD_Init
 .text.HAL_PCDEx_ActivateLPM
                0x0000000008001ff2       0x26 ./Drivers/STM32F7xx_HAL_Driver/Src/stm32f7xx_hal_pcd_ex.o
                0x0000000008001ff2                HAL_PCDEx_ActivateLPM
 .text.HAL_PWR_EnableBkUpAccess
                0x0000000008002018       0x10 ./Drivers/STM32F7xx_HAL_Driver/Src/stm32f7xx_hal_pwr.o
                0x0000000008002018                HAL_PWR_EnableBkUpAccess
 .text.HAL_PWREx_EnableOverDrive
                0x0000000008002028       0x70 ./Drivers/STM32F7xx_HAL_Driver/Src/stm32f7xx_hal_pwr_ex.o
                0x0000000008002028                HAL_PWREx_EnableOverDrive
 .text.HAL_RCC_OscConfig
                0x0000000008002098      0x38c ./Drivers/STM32F7xx_HAL_Driver/Src/stm32f7xx_hal_rcc.o
                0x0000000008002098                HAL_RCC_OscConfig
 .text.HAL_RCC_GetSysClockFreq
                0x0000000008002424       0x5c ./Drivers/STM32F7xx_HAL_Driver/Src/stm32f7xx_hal_rcc.o
                0x0000000008002424                HAL_RCC_GetSysClockFreq
 .text.HAL_RCC_ClockConfig
                0x0000000008002480      0x140 ./Drivers/STM32F7xx_HAL_Driver/Src/stm32f7xx_hal_rcc.o
                0x0000000008002480                HAL_RCC_ClockConfig
 .text.HAL_RCC_GetHCLKFreq
                0x00000000080025c0        0xc ./Drivers/STM32F7xx_HAL_Driver/Src/stm32f7xx_hal_rcc.o
                0x00000000080025c0                HAL_RCC_GetHCLKFreq
 .text.HAL_RCC_GetPCLK1Freq
                0x00000000080025cc       0x20 ./Drivers/STM32F7xx_HAL_Driver/Src/stm32f7xx_hal_rcc.o
                0x00000000080025cc                HAL_RCC_GetPCLK1Freq
 .text.HAL_RCC_GetPCLK2Freq
                0x00000000080025ec       0x20 ./Drivers/STM32F7xx_HAL_Driver/Src/stm32f7xx_hal_rcc.o
                0x00000000080025ec                HAL_RCC_GetPCLK2Freq
 .text.HAL_RCC_GetClockConfig
                0x000000000800260c       0x3c ./Drivers/STM32F7xx_HAL_Driver/Src/stm32f7xx_hal_rcc.o
                0x000000000800260c                HAL_RCC_GetClockConfig
 .text.HAL_RCCEx_PeriphCLKConfig
                0x0000000008002648      0x558 ./Drivers/STM32F7xx_HAL_Driver/Src/stm32f7xx_hal_rcc_ex.o
                0x0000000008002648                HAL_RCCEx_PeriphCLKConfig
 .text.HAL_TIM_Base_MspInit
                0x0000000008002ba0        0x2 ./Drivers/STM32F7xx_HAL_Driver/Src/stm32f7xx_hal_tim.o
                0x0000000008002ba0                HAL_TIM_Base_MspInit
 *fill*         0x0000000008002ba2        0x2 
 .text.HAL_TIM_Base_Start_IT
                0x0000000008002ba4       0x7c ./Drivers/STM32F7xx_HAL_Driver/Src/stm32f7xx_hal_tim.o
                0x0000000008002ba4                HAL_TIM_Base_Start_IT
 .text.HAL_TIM_OC_DelayElapsedCallback
                0x0000000008002c20        0x2 ./Drivers/STM32F7xx_HAL_Driver/Src/stm32f7xx_hal_tim.o
                0x0000000008002c20                HAL_TIM_OC_DelayElapsedCallback
 .text.HAL_TIM_IC_CaptureCallback
                0x0000000008002c22        0x2 ./Drivers/STM32F7xx_HAL_Driver/Src/stm32f7xx_hal_tim.o
                0x0000000008002c22                HAL_TIM_IC_CaptureCallback
 .text.HAL_TIM_PWM_PulseFinishedCallback
                0x0000000008002c24        0x2 ./Drivers/STM32F7xx_HAL_Driver/Src/stm32f7xx_hal_tim.o
                0x0000000008002c24                HAL_TIM_PWM_PulseFinishedCallback
 .text.HAL_TIM_TriggerCallback
                0x0000000008002c26        0x2 ./Drivers/STM32F7xx_HAL_Driver/Src/stm32f7xx_hal_tim.o
                0x0000000008002c26                HAL_TIM_TriggerCallback
 .text.HAL_TIM_IRQHandler
                0x0000000008002c28      0x160 ./Drivers/STM32F7xx_HAL_Driver/Src/stm32f7xx_hal_tim.o
                0x0000000008002c28                HAL_TIM_IRQHandler
 .text.TIM_Base_SetConfig
                0x0000000008002d88       0xcc ./Drivers/STM32F7xx_HAL_Driver/Src/stm32f7xx_hal_tim.o
                0x0000000008002d88                TIM_Base_SetConfig
 .text.HAL_TIM_Base_Init
                0x0000000008002e54       0x60 ./Drivers/STM32F7xx_HAL_Driver/Src/stm32f7xx_hal_tim.o
                0x0000000008002e54                HAL_TIM_Base_Init
 .text.HAL_TIMEx_CommutCallback
                0x0000000008002eb4        0x2 ./Drivers/STM32F7xx_HAL_Driver/Src/stm32f7xx_hal_tim_ex.o
                0x0000000008002eb4                HAL_TIMEx_CommutCallback
 .text.HAL_TIMEx_BreakCallback
                0x0000000008002eb6        0x2 ./Drivers/STM32F7xx_HAL_Driver/Src/stm32f7xx_hal_tim_ex.o
                0x0000000008002eb6                HAL_TIMEx_BreakCallback
 .text.HAL_TIMEx_Break2Callback
                0x0000000008002eb8        0x2 ./Drivers/STM32F7xx_HAL_Driver/Src/stm32f7xx_hal_tim_ex.o
                0x0000000008002eb8                HAL_TIMEx_Break2Callback
 *fill*         0x0000000008002eba        0x2 
 .text.UART_SetConfig
                0x0000000008002ebc      0x284 ./Drivers/STM32F7xx_HAL_Driver/Src/stm32f7xx_hal_uart.o
                0x0000000008002ebc                UART_SetConfig
 .text.UART_AdvFeatureConfig
                0x0000000008003140       0xaa ./Drivers/STM32F7xx_HAL_Driver/Src/stm32f7xx_hal_uart.o
                0x0000000008003140                UART_AdvFeatureConfig
 .text.UART_WaitOnFlagUntilTimeout
                0x00000000080031ea       0xc0 ./Drivers/STM32F7xx_HAL_Driver/Src/stm32f7xx_hal_uart.o
                0x00000000080031ea                UART_WaitOnFlagUntilTimeout
 .text.UART_CheckIdleState
                0x00000000080032aa       0x6a ./Drivers/STM32F7xx_HAL_Driver/Src/stm32f7xx_hal_uart.o
                0x00000000080032aa                UART_CheckIdleState
 .text.HAL_UART_Init
                0x0000000008003314       0x5c ./Drivers/STM32F7xx_HAL_Driver/Src/stm32f7xx_hal_uart.o
                0x0000000008003314                HAL_UART_Init
 .text.USB_CoreReset
                0x0000000008003370       0x4c ./Drivers/STM32F7xx_HAL_Driver/Src/stm32f7xx_ll_usb.o
 .text.USB_CoreInit
                0x00000000080033bc       0x76 ./Drivers/STM32F7xx_HAL_Driver/Src/stm32f7xx_ll_usb.o
                0x00000000080033bc                USB_CoreInit
 .text.USB_DisableGlobalInt
                0x0000000008003432        0xc ./Drivers/STM32F7xx_HAL_Driver/Src/stm32f7xx_ll_usb.o
                0x0000000008003432                USB_DisableGlobalInt
 .text.USB_SetCurrentMode
                0x000000000800343e       0x5c ./Drivers/STM32F7xx_HAL_Driver/Src/stm32f7xx_ll_usb.o
                0x000000000800343e                USB_SetCurrentMode
 *fill*         0x000000000800349a        0x2 
 .text.USB_FlushTxFifo
                0x000000000800349c       0x4c ./Drivers/STM32F7xx_HAL_Driver/Src/stm32f7xx_ll_usb.o
                0x000000000800349c                USB_FlushTxFifo
 .text.USB_FlushRxFifo
                0x00000000080034e8       0x48 ./Drivers/STM32F7xx_HAL_Driver/Src/stm32f7xx_ll_usb.o
                0x00000000080034e8                USB_FlushRxFifo
 .text.USB_SetDevSpeed
                0x0000000008003530        0xe ./Drivers/STM32F7xx_HAL_Driver/Src/stm32f7xx_ll_usb.o
                0x0000000008003530                USB_SetDevSpeed
 *fill*         0x000000000800353e        0x2 
 .text.USB_DevInit
                0x0000000008003540      0x16c ./Drivers/STM32F7xx_HAL_Driver/Src/stm32f7xx_ll_usb.o
                0x0000000008003540                USB_DevInit
 .text.USB_DevDisconnect
                0x00000000080036ac       0x1c ./Drivers/STM32F7xx_HAL_Driver/Src/stm32f7xx_ll_usb.o
                0x00000000080036ac                USB_DevDisconnect
 .text.ethernet_link_status_updated
                0x00000000080036c8        0x2 ./LWIP/App/lwip.o
 *fill*         0x00000000080036ca        0x2 
 .text.MX_LWIP_Init
                0x00000000080036cc       0xc4 ./LWIP/App/lwip.o
                0x00000000080036cc                MX_LWIP_Init
 .text.ETH_PHY_IO_DeInit
                0x0000000008003790        0x4 ./LWIP/Target/ethernetif.o
                0x0000000008003790                ETH_PHY_IO_DeInit
 .text.low_level_output
                0x0000000008003794       0x80 ./LWIP/Target/ethernetif.o
 .text.ETH_PHY_IO_GetTick
                0x0000000008003814        0x4 ./LWIP/Target/ethernetif.o
                0x0000000008003814                ETH_PHY_IO_GetTick
 .text.ETH_PHY_IO_Init
                0x0000000008003818       0x10 ./LWIP/Target/ethernetif.o
                0x0000000008003818                ETH_PHY_IO_Init
 .text.ETH_PHY_IO_ReadReg
                0x0000000008003828       0x1c ./LWIP/Target/ethernetif.o
                0x0000000008003828                ETH_PHY_IO_ReadReg
 .text.ETH_PHY_IO_WriteReg
                0x0000000008003844       0x1c ./LWIP/Target/ethernetif.o
                0x0000000008003844                ETH_PHY_IO_WriteReg
 .text.pbuf_free_custom
                0x0000000008003860       0x30 ./LWIP/Target/ethernetif.o
                0x0000000008003860                pbuf_free_custom
 .text.ethernetif_input
                0x0000000008003890       0x58 ./LWIP/Target/ethernetif.o
 .text.HAL_ETH_RxCpltCallback
                0x00000000080038e8        0xc ./LWIP/Target/ethernetif.o
                0x00000000080038e8                HAL_ETH_RxCpltCallback
 .text.HAL_ETH_TxCpltCallback
                0x00000000080038f4        0xc ./LWIP/Target/ethernetif.o
                0x00000000080038f4                HAL_ETH_TxCpltCallback
 .text.HAL_ETH_ErrorCallback
                0x0000000008003900       0x1c ./LWIP/Target/ethernetif.o
                0x0000000008003900                HAL_ETH_ErrorCallback
 .text.ethernetif_init
                0x000000000800391c      0x1cc ./LWIP/Target/ethernetif.o
                0x000000000800391c                ethernetif_init
 .text.sys_now  0x0000000008003ae8        0x4 ./LWIP/Target/ethernetif.o
                0x0000000008003ae8                sys_now
 .text.HAL_ETH_MspInit
                0x0000000008003aec      0x11c ./LWIP/Target/ethernetif.o
                0x0000000008003aec                HAL_ETH_MspInit
 .text.ethernet_link_thread
                0x0000000008003c08       0xa8 ./LWIP/Target/ethernetif.o
                0x0000000008003c08                ethernet_link_thread
 .text.HAL_ETH_RxAllocateCallback
                0x0000000008003cb0       0x44 ./LWIP/Target/ethernetif.o
                0x0000000008003cb0                HAL_ETH_RxAllocateCallback
 .text.HAL_ETH_RxLinkCallback
                0x0000000008003cf4       0x54 ./LWIP/Target/ethernetif.o
                0x0000000008003cf4                HAL_ETH_RxLinkCallback
 .text.HAL_ETH_TxFreeCallback
                0x0000000008003d48        0x4 ./LWIP/Target/ethernetif.o
                0x0000000008003d48                HAL_ETH_TxFreeCallback
 .text.osKernelStart
                0x0000000008003d4c        0xa ./Middlewares/Third_Party/FreeRTOS/Source/CMSIS_RTOS/cmsis_os.o
                0x0000000008003d4c                osKernelStart
 .text.osKernelSysTick
                0x0000000008003d56        0xe ./Middlewares/Third_Party/FreeRTOS/Source/CMSIS_RTOS/cmsis_os.o
                0x0000000008003d56                osKernelSysTick
 .text.osThreadCreate
                0x0000000008003d64       0x50 ./Middlewares/Third_Party/FreeRTOS/Source/CMSIS_RTOS/cmsis_os.o
                0x0000000008003d64                osThreadCreate
 .text.osDelay  0x0000000008003db4       0x10 ./Middlewares/Third_Party/FreeRTOS/Source/CMSIS_RTOS/cmsis_os.o
                0x0000000008003db4                osDelay
 .text.osMutexCreate
                0x0000000008003dc4        0xe ./Middlewares/Third_Party/FreeRTOS/Source/CMSIS_RTOS/cmsis_os.o
                0x0000000008003dc4                osMutexCreate
 .text.osMutexWait
                0x0000000008003dd2       0x4a ./Middlewares/Third_Party/FreeRTOS/Source/CMSIS_RTOS/cmsis_os.o
                0x0000000008003dd2                osMutexWait
 .text.osMutexRelease
                0x0000000008003e1c       0x46 ./Middlewares/Third_Party/FreeRTOS/Source/CMSIS_RTOS/cmsis_os.o
                0x0000000008003e1c                osMutexRelease
 .text.osMutexDelete
                0x0000000008003e62       0x14 ./Middlewares/Third_Party/FreeRTOS/Source/CMSIS_RTOS/cmsis_os.o
                0x0000000008003e62                osMutexDelete
 .text.osSemaphoreCreate
                0x0000000008003e76       0x48 ./Middlewares/Third_Party/FreeRTOS/Source/CMSIS_RTOS/cmsis_os.o
                0x0000000008003e76                osSemaphoreCreate
 .text.osSemaphoreWait
                0x0000000008003ebe       0x4a ./Middlewares/Third_Party/FreeRTOS/Source/CMSIS_RTOS/cmsis_os.o
                0x0000000008003ebe                osSemaphoreWait
 .text.osSemaphoreRelease
                0x0000000008003f08        0x4 ./Middlewares/Third_Party/FreeRTOS/Source/CMSIS_RTOS/cmsis_os.o
                0x0000000008003f08                osSemaphoreRelease
 .text.osSemaphoreDelete
                0x0000000008003f0c        0x4 ./Middlewares/Third_Party/FreeRTOS/Source/CMSIS_RTOS/cmsis_os.o
                0x0000000008003f0c                osSemaphoreDelete
 .text.osMessageCreate
                0x0000000008003f10       0x24 ./Middlewares/Third_Party/FreeRTOS/Source/CMSIS_RTOS/cmsis_os.o
                0x0000000008003f10                osMessageCreate
 .text.osMessagePut
                0x0000000008003f34       0x50 ./Middlewares/Third_Party/FreeRTOS/Source/CMSIS_RTOS/cmsis_os.o
                0x0000000008003f34                osMessagePut
 .text.osMessageGet
                0x0000000008003f84       0x70 ./Middlewares/Third_Party/FreeRTOS/Source/CMSIS_RTOS/cmsis_os.o
                0x0000000008003f84                osMessageGet
 .text.osMessageWaiting
                0x0000000008003ff4        0xe ./Middlewares/Third_Party/FreeRTOS/Source/CMSIS_RTOS/cmsis_os.o
                0x0000000008003ff4                osMessageWaiting
 .text.osMessageDelete
                0x0000000008004002        0x4 ./Middlewares/Third_Party/FreeRTOS/Source/CMSIS_RTOS/cmsis_os.o
                0x0000000008004002                osMessageDelete
 .text.vListInitialise
                0x0000000008004006       0x16 ./Middlewares/Third_Party/FreeRTOS/Source/list.o
                0x0000000008004006                vListInitialise
 .text.vListInitialiseItem
                0x000000000800401c        0x6 ./Middlewares/Third_Party/FreeRTOS/Source/list.o
                0x000000000800401c                vListInitialiseItem
 .text.vListInsertEnd
                0x0000000008004022       0x18 ./Middlewares/Third_Party/FreeRTOS/Source/list.o
                0x0000000008004022                vListInsertEnd
 .text.vListInsert
                0x000000000800403a       0x2e ./Middlewares/Third_Party/FreeRTOS/Source/list.o
                0x000000000800403a                vListInsert
 .text.uxListRemove
                0x0000000008004068       0x20 ./Middlewares/Third_Party/FreeRTOS/Source/list.o
                0x0000000008004068                uxListRemove
 .text.prvIsQueueEmpty
                0x0000000008004088       0x16 ./Middlewares/Third_Party/FreeRTOS/Source/queue.o
 .text.prvCopyDataToQueue
                0x000000000800409e       0x6a ./Middlewares/Third_Party/FreeRTOS/Source/queue.o
 .text.prvCopyDataFromQueue
                0x0000000008004108       0x2a ./Middlewares/Third_Party/FreeRTOS/Source/queue.o
 .text.prvUnlockQueue
                0x0000000008004132       0x70 ./Middlewares/Third_Party/FreeRTOS/Source/queue.o
 .text.xQueueGenericReset
                0x00000000080041a2       0x82 ./Middlewares/Third_Party/FreeRTOS/Source/queue.o
                0x00000000080041a2                xQueueGenericReset
 .text.xQueueGenericCreateStatic.part.0.isra.0
                0x0000000008004224       0x90 ./Middlewares/Third_Party/FreeRTOS/Source/queue.o
 .text.xQueueGenericCreateStatic
                0x00000000080042b4       0x1c ./Middlewares/Third_Party/FreeRTOS/Source/queue.o
                0x00000000080042b4                xQueueGenericCreateStatic
 .text.xQueueGenericCreate
                0x00000000080042d0       0x4c ./Middlewares/Third_Party/FreeRTOS/Source/queue.o
                0x00000000080042d0                xQueueGenericCreate
 .text.xQueueGenericSend
                0x000000000800431c      0x176 ./Middlewares/Third_Party/FreeRTOS/Source/queue.o
                0x000000000800431c                xQueueGenericSend
 .text.xQueueCreateMutexStatic
                0x0000000008004492       0x26 ./Middlewares/Third_Party/FreeRTOS/Source/queue.o
                0x0000000008004492                xQueueCreateMutexStatic
 .text.xQueueCreateMutex
                0x00000000080044b8       0x34 ./Middlewares/Third_Party/FreeRTOS/Source/queue.o
                0x00000000080044b8                xQueueCreateMutex
 .text.xQueueGenericSendFromISR
                0x00000000080044ec       0xd2 ./Middlewares/Third_Party/FreeRTOS/Source/queue.o
                0x00000000080044ec                xQueueGenericSendFromISR
 .text.xQueueGiveFromISR
                0x00000000080045be       0xb8 ./Middlewares/Third_Party/FreeRTOS/Source/queue.o
                0x00000000080045be                xQueueGiveFromISR
 .text.xQueueReceive
                0x0000000008004676      0x14a ./Middlewares/Third_Party/FreeRTOS/Source/queue.o
                0x0000000008004676                xQueueReceive
 .text.xQueueSemaphoreTake
                0x00000000080047c0      0x196 ./Middlewares/Third_Party/FreeRTOS/Source/queue.o
                0x00000000080047c0                xQueueSemaphoreTake
 .text.xQueueReceiveFromISR
                0x0000000008004956       0xaa ./Middlewares/Third_Party/FreeRTOS/Source/queue.o
                0x0000000008004956                xQueueReceiveFromISR
 .text.uxQueueMessagesWaiting
                0x0000000008004a00       0x2e ./Middlewares/Third_Party/FreeRTOS/Source/queue.o
                0x0000000008004a00                uxQueueMessagesWaiting
 .text.uxQueueMessagesWaitingFromISR
                0x0000000008004a2e       0x1c ./Middlewares/Third_Party/FreeRTOS/Source/queue.o
                0x0000000008004a2e                uxQueueMessagesWaitingFromISR
 *fill*         0x0000000008004a4a        0x2 
 .text.vQueueUnregisterQueue
                0x0000000008004a4c       0x28 ./Middlewares/Third_Party/FreeRTOS/Source/queue.o
                0x0000000008004a4c                vQueueUnregisterQueue
 .text.vQueueDelete
                0x0000000008004a74       0x32 ./Middlewares/Third_Party/FreeRTOS/Source/queue.o
                0x0000000008004a74                vQueueDelete
 *fill*         0x0000000008004aa6        0x2 
 .text.prvAddNewTaskToReadyList
                0x0000000008004aa8       0xfc ./Middlewares/Third_Party/FreeRTOS/Source/tasks.o
 .text.prvAddCurrentTaskToDelayedList
                0x0000000008004ba4       0x88 ./Middlewares/Third_Party/FreeRTOS/Source/tasks.o
 .text.prvResetNextTaskUnblockTime
                0x0000000008004c2c       0x24 ./Middlewares/Third_Party/FreeRTOS/Source/tasks.o
 .text.prvDeleteTCB
                0x0000000008004c50       0x3a ./Middlewares/Third_Party/FreeRTOS/Source/tasks.o
 *fill*         0x0000000008004c8a        0x2 
 .text.prvIdleTask
                0x0000000008004c8c       0x60 ./Middlewares/Third_Party/FreeRTOS/Source/tasks.o
 .text.prvInitialiseNewTask.constprop.0
                0x0000000008004cec       0x8a ./Middlewares/Third_Party/FreeRTOS/Source/tasks.o
 .text.xTaskCreateStatic
                0x0000000008004d76       0x7c ./Middlewares/Third_Party/FreeRTOS/Source/tasks.o
                0x0000000008004d76                xTaskCreateStatic
 .text.xTaskCreate
                0x0000000008004df2       0x5a ./Middlewares/Third_Party/FreeRTOS/Source/tasks.o
                0x0000000008004df2                xTaskCreate
 .text.vTaskStartScheduler
                0x0000000008004e4c       0x74 ./Middlewares/Third_Party/FreeRTOS/Source/tasks.o
                0x0000000008004e4c                vTaskStartScheduler
 .text.vTaskSuspendAll
                0x0000000008004ec0       0x10 ./Middlewares/Third_Party/FreeRTOS/Source/tasks.o
                0x0000000008004ec0                vTaskSuspendAll
 .text.xTaskGetTickCount
                0x0000000008004ed0        0xc ./Middlewares/Third_Party/FreeRTOS/Source/tasks.o
                0x0000000008004ed0                xTaskGetTickCount
 .text.xTaskGetTickCountFromISR
                0x0000000008004edc       0x10 ./Middlewares/Third_Party/FreeRTOS/Source/tasks.o
                0x0000000008004edc                xTaskGetTickCountFromISR
 .text.xTaskIncrementTick
                0x0000000008004eec      0x130 ./Middlewares/Third_Party/FreeRTOS/Source/tasks.o
                0x0000000008004eec                xTaskIncrementTick
 .text.xTaskResumeAll
                0x000000000800501c       0xf4 ./Middlewares/Third_Party/FreeRTOS/Source/tasks.o
                0x000000000800501c                xTaskResumeAll
 .text.vTaskDelay
                0x0000000008005110       0x4c ./Middlewares/Third_Party/FreeRTOS/Source/tasks.o
                0x0000000008005110                vTaskDelay
 .text.vTaskSwitchContext
                0x000000000800515c       0x78 ./Middlewares/Third_Party/FreeRTOS/Source/tasks.o
                0x000000000800515c                vTaskSwitchContext
 .text.vTaskPlaceOnEventList
                0x00000000080051d4       0x38 ./Middlewares/Third_Party/FreeRTOS/Source/tasks.o
                0x00000000080051d4                vTaskPlaceOnEventList
 .text.xTaskRemoveFromEventList
                0x000000000800520c       0x90 ./Middlewares/Third_Party/FreeRTOS/Source/tasks.o
                0x000000000800520c                xTaskRemoveFromEventList
 .text.vTaskInternalSetTimeOutState
                0x000000000800529c       0x18 ./Middlewares/Third_Party/FreeRTOS/Source/tasks.o
                0x000000000800529c                vTaskInternalSetTimeOutState
 .text.xTaskCheckForTimeOut
                0x00000000080052b4       0x80 ./Middlewares/Third_Party/FreeRTOS/Source/tasks.o
                0x00000000080052b4                xTaskCheckForTimeOut
 .text.vTaskMissedYield
                0x0000000008005334        0xc ./Middlewares/Third_Party/FreeRTOS/Source/tasks.o
                0x0000000008005334                vTaskMissedYield
 .text.xTaskGetSchedulerState
                0x0000000008005340       0x20 ./Middlewares/Third_Party/FreeRTOS/Source/tasks.o
                0x0000000008005340                xTaskGetSchedulerState
 .text.xTaskPriorityInherit
                0x0000000008005360       0xa4 ./Middlewares/Third_Party/FreeRTOS/Source/tasks.o
                0x0000000008005360                xTaskPriorityInherit
 .text.xTaskPriorityDisinherit
                0x0000000008005404       0xac ./Middlewares/Third_Party/FreeRTOS/Source/tasks.o
                0x0000000008005404                xTaskPriorityDisinherit
 .text.vTaskPriorityDisinheritAfterTimeout
                0x00000000080054b0       0xbc ./Middlewares/Third_Party/FreeRTOS/Source/tasks.o
                0x00000000080054b0                vTaskPriorityDisinheritAfterTimeout
 .text.pvTaskIncrementMutexHeldCount
                0x000000000800556c       0x18 ./Middlewares/Third_Party/FreeRTOS/Source/tasks.o
                0x000000000800556c                pvTaskIncrementMutexHeldCount
 .text.prvPortStartFirstTask
                0x0000000008005584       0x28 ./Middlewares/Third_Party/FreeRTOS/Source/portable/GCC/ARM_CM7/r0p1/port.o
 .text.vPortEnableVFP
                0x00000000080055ac       0x14 ./Middlewares/Third_Party/FreeRTOS/Source/portable/GCC/ARM_CM7/r0p1/port.o
 .text.prvTaskExitError
                0x00000000080055c0       0x48 ./Middlewares/Third_Party/FreeRTOS/Source/portable/GCC/ARM_CM7/r0p1/port.o
 .text.pxPortInitialiseStack
                0x0000000008005608       0x24 ./Middlewares/Third_Party/FreeRTOS/Source/portable/GCC/ARM_CM7/r0p1/port.o
                0x0000000008005608                pxPortInitialiseStack
 *fill*         0x000000000800562c        0x4 
 .text.SVC_Handler
                0x0000000008005630       0x24 ./Middlewares/Third_Party/FreeRTOS/Source/portable/GCC/ARM_CM7/r0p1/port.o
                0x0000000008005630                SVC_Handler
 .text.vPortEnterCritical
                0x0000000008005654       0x48 ./Middlewares/Third_Party/FreeRTOS/Source/portable/GCC/ARM_CM7/r0p1/port.o
                0x0000000008005654                vPortEnterCritical
 .text.vPortExitCritical
                0x000000000800569c       0x2c ./Middlewares/Third_Party/FreeRTOS/Source/portable/GCC/ARM_CM7/r0p1/port.o
                0x000000000800569c                vPortExitCritical
 *fill*         0x00000000080056c8        0x8 
 .text.PendSV_Handler
                0x00000000080056d0       0x64 ./Middlewares/Third_Party/FreeRTOS/Source/portable/GCC/ARM_CM7/r0p1/port.o
                0x00000000080056d0                PendSV_Handler
 .text.SysTick_Handler
                0x0000000008005734       0x30 ./Middlewares/Third_Party/FreeRTOS/Source/portable/GCC/ARM_CM7/r0p1/port.o
                0x0000000008005734                SysTick_Handler
 .text.vPortSetupTimerInterrupt
                0x0000000008005764       0x24 ./Middlewares/Third_Party/FreeRTOS/Source/portable/GCC/ARM_CM7/r0p1/port.o
                0x0000000008005764                vPortSetupTimerInterrupt
 .text.xPortStartScheduler
                0x0000000008005788       0xcc ./Middlewares/Third_Party/FreeRTOS/Source/portable/GCC/ARM_CM7/r0p1/port.o
                0x0000000008005788                xPortStartScheduler
 .text.vPortValidateInterruptPriority
                0x0000000008005854       0x64 ./Middlewares/Third_Party/FreeRTOS/Source/portable/GCC/ARM_CM7/r0p1/port.o
                0x0000000008005854                vPortValidateInterruptPriority
 .text.prvInsertBlockIntoFreeList
                0x00000000080058b8       0x48 ./Middlewares/Third_Party/FreeRTOS/Source/portable/MemMang/heap_4.o
 .text.pvPortMalloc
                0x0000000008005900      0x128 ./Middlewares/Third_Party/FreeRTOS/Source/portable/MemMang/heap_4.o
                0x0000000008005900                pvPortMalloc
 .text.vPortFree
                0x0000000008005a28       0x78 ./Middlewares/Third_Party/FreeRTOS/Source/portable/MemMang/heap_4.o
                0x0000000008005a28                vPortFree
 .text.netconn_apimsg
                0x0000000008005aa0       0x14 ./Middlewares/Third_Party/LwIP/src/api/api_lib.o
 .text.netconn_tcp_recvd_msg
                0x0000000008005ab4       0x44 ./Middlewares/Third_Party/LwIP/src/api/api_lib.o
 .text.netconn_close_shutdown
                0x0000000008005af8       0x44 ./Middlewares/Third_Party/LwIP/src/api/api_lib.o
 .text.netconn_new_with_proto_and_callback
                0x0000000008005b3c       0xb4 ./Middlewares/Third_Party/LwIP/src/api/api_lib.o
                0x0000000008005b3c                netconn_new_with_proto_and_callback
 .text.netconn_prepare_delete
                0x0000000008005bf0       0x20 ./Middlewares/Third_Party/LwIP/src/api/api_lib.o
                0x0000000008005bf0                netconn_prepare_delete
 .text.netconn_delete
                0x0000000008005c10       0x1c ./Middlewares/Third_Party/LwIP/src/api/api_lib.o
                0x0000000008005c10                netconn_delete
 .text.netconn_connect
                0x0000000008005c2c       0x4c ./Middlewares/Third_Party/LwIP/src/api/api_lib.o
                0x0000000008005c2c                netconn_connect
 .text.netconn_write_vectors_partly
                0x0000000008005c78       0xd8 ./Middlewares/Third_Party/LwIP/src/api/api_lib.o
                0x0000000008005c78                netconn_write_vectors_partly
 .text.netconn_write_partly
                0x0000000008005d50       0x18 ./Middlewares/Third_Party/LwIP/src/api/api_lib.o
                0x0000000008005d50                netconn_write_partly
 .text.netconn_close
                0x0000000008005d68        0x6 ./Middlewares/Third_Party/LwIP/src/api/api_lib.o
                0x0000000008005d68                netconn_close
 .text.netconn_err
                0x0000000008005d6e       0x1e ./Middlewares/Third_Party/LwIP/src/api/api_lib.o
                0x0000000008005d6e                netconn_err
 .text.netconn_recv_data
                0x0000000008005d8c       0xec ./Middlewares/Third_Party/LwIP/src/api/api_lib.o
 .text.netconn_recv_data_tcp
                0x0000000008005e78       0x94 ./Middlewares/Third_Party/LwIP/src/api/api_lib.o
 .text.netconn_recv
                0x0000000008005f0c       0xa8 ./Middlewares/Third_Party/LwIP/src/api/api_lib.o
                0x0000000008005f0c                netconn_recv
 .text.recv_udp
                0x0000000008005fb4       0xbc ./Middlewares/Third_Party/LwIP/src/api/api_msg.o
 .text.setup_tcp
                0x0000000008006070       0x44 ./Middlewares/Third_Party/LwIP/src/api/api_msg.o
 .text.lwip_netconn_do_connected
                0x00000000080060b4       0xac ./Middlewares/Third_Party/LwIP/src/api/api_msg.o
 .text.lwip_netconn_do_writemore
                0x0000000008006160      0x250 ./Middlewares/Third_Party/LwIP/src/api/api_msg.o
 .text.lwip_netconn_do_close_internal
                0x00000000080063b0      0x1e8 ./Middlewares/Third_Party/LwIP/src/api/api_msg.o
 .text.poll_tcp
                0x0000000008006598       0x78 ./Middlewares/Third_Party/LwIP/src/api/api_msg.o
 .text.sent_tcp
                0x0000000008006610       0x6c ./Middlewares/Third_Party/LwIP/src/api/api_msg.o
 .text.recv_tcp
                0x000000000800667c       0xd0 ./Middlewares/Third_Party/LwIP/src/api/api_msg.o
 .text.err_tcp  0x000000000800674c      0x13c ./Middlewares/Third_Party/LwIP/src/api/api_msg.o
 .text.lwip_netconn_is_err_msg
                0x0000000008006888       0x54 ./Middlewares/Third_Party/LwIP/src/api/api_msg.o
                0x0000000008006888                lwip_netconn_is_err_msg
 .text.lwip_netconn_do_newconn
                0x00000000080068dc       0x60 ./Middlewares/Third_Party/LwIP/src/api/api_msg.o
                0x00000000080068dc                lwip_netconn_do_newconn
 .text.netconn_alloc
                0x000000000800693c       0x8c ./Middlewares/Third_Party/LwIP/src/api/api_msg.o
                0x000000000800693c                netconn_alloc
 .text.netconn_free
                0x00000000080069c8       0x78 ./Middlewares/Third_Party/LwIP/src/api/api_msg.o
                0x00000000080069c8                netconn_free
 .text.netconn_drain
                0x0000000008006a40       0x9e ./Middlewares/Third_Party/LwIP/src/api/api_msg.o
 *fill*         0x0000000008006ade        0x2 
 .text.lwip_netconn_do_delconn
                0x0000000008006ae0      0x10c ./Middlewares/Third_Party/LwIP/src/api/api_msg.o
                0x0000000008006ae0                lwip_netconn_do_delconn
 .text.lwip_netconn_do_connect
                0x0000000008006bec       0xe0 ./Middlewares/Third_Party/LwIP/src/api/api_msg.o
                0x0000000008006bec                lwip_netconn_do_connect
 .text.lwip_netconn_do_recv
                0x0000000008006ccc       0x36 ./Middlewares/Third_Party/LwIP/src/api/api_msg.o
                0x0000000008006ccc                lwip_netconn_do_recv
 *fill*         0x0000000008006d02        0x2 
 .text.lwip_netconn_do_write
                0x0000000008006d04       0xcc ./Middlewares/Third_Party/LwIP/src/api/api_msg.o
                0x0000000008006d04                lwip_netconn_do_write
 .text.lwip_netconn_do_close
                0x0000000008006dd0       0xbc ./Middlewares/Third_Party/LwIP/src/api/api_msg.o
                0x0000000008006dd0                lwip_netconn_do_close
 .text.netbuf_delete
                0x0000000008006e8c       0x22 ./Middlewares/Third_Party/LwIP/src/api/netbuf.o
                0x0000000008006e8c                netbuf_delete
 *fill*         0x0000000008006eae        0x2 
 .text.tcpip_thread
                0x0000000008006eb0       0xd0 ./Middlewares/Third_Party/LwIP/src/api/tcpip.o
 .text.tcpip_inpkt
                0x0000000008006f80       0x58 ./Middlewares/Third_Party/LwIP/src/api/tcpip.o
                0x0000000008006f80                tcpip_inpkt
 .text.tcpip_input
                0x0000000008006fd8       0x1c ./Middlewares/Third_Party/LwIP/src/api/tcpip.o
                0x0000000008006fd8                tcpip_input
 .text.tcpip_try_callback
                0x0000000008006ff4       0x58 ./Middlewares/Third_Party/LwIP/src/api/tcpip.o
                0x0000000008006ff4                tcpip_try_callback
 .text.tcpip_send_msg_wait_sem
                0x000000000800704c       0x20 ./Middlewares/Third_Party/LwIP/src/api/tcpip.o
                0x000000000800704c                tcpip_send_msg_wait_sem
 .text.tcpip_init
                0x000000000800706c       0x7c ./Middlewares/Third_Party/LwIP/src/api/tcpip.o
                0x000000000800706c                tcpip_init
 .text.lwip_htons
                0x00000000080070e8        0x6 ./Middlewares/Third_Party/LwIP/src/core/def.o
                0x00000000080070e8                lwip_htons
 .text.lwip_htonl
                0x00000000080070ee        0x4 ./Middlewares/Third_Party/LwIP/src/core/def.o
                0x00000000080070ee                lwip_htonl
 .text.lwip_init
                0x00000000080070f2       0x22 ./Middlewares/Third_Party/LwIP/src/core/init.o
                0x00000000080070f2                lwip_init
 .text.mem_init
                0x0000000008007114       0x70 ./Middlewares/Third_Party/LwIP/src/core/mem.o
                0x0000000008007114                mem_init
 .text.mem_free
                0x0000000008007184      0x1bc ./Middlewares/Third_Party/LwIP/src/core/mem.o
                0x0000000008007184                mem_free
 .text.mem_trim
                0x0000000008007340      0x178 ./Middlewares/Third_Party/LwIP/src/core/mem.o
                0x0000000008007340                mem_trim
 .text.mem_malloc
                0x00000000080074b8      0x164 ./Middlewares/Third_Party/LwIP/src/core/mem.o
                0x00000000080074b8                mem_malloc
 .text.do_memp_malloc_pool
                0x000000000800761c       0x3c ./Middlewares/Third_Party/LwIP/src/core/memp.o
 .text.do_memp_free_pool
                0x0000000008007658       0x38 ./Middlewares/Third_Party/LwIP/src/core/memp.o
 .text.memp_init_pool
                0x0000000008007690       0x26 ./Middlewares/Third_Party/LwIP/src/core/memp.o
                0x0000000008007690                memp_init_pool
 *fill*         0x00000000080076b6        0x2 
 .text.memp_init
                0x00000000080076b8       0x1c ./Middlewares/Third_Party/LwIP/src/core/memp.o
                0x00000000080076b8                memp_init
 .text.memp_malloc_pool
                0x00000000080076d4       0x2c ./Middlewares/Third_Party/LwIP/src/core/memp.o
                0x00000000080076d4                memp_malloc_pool
 .text.memp_malloc
                0x0000000008007700       0x38 ./Middlewares/Third_Party/LwIP/src/core/memp.o
                0x0000000008007700                memp_malloc
 .text.memp_free_pool
                0x0000000008007738       0x28 ./Middlewares/Third_Party/LwIP/src/core/memp.o
                0x0000000008007738                memp_free_pool
 .text.memp_free
                0x0000000008007760       0x30 ./Middlewares/Third_Party/LwIP/src/core/memp.o
                0x0000000008007760                memp_free
 .text.netif_null_output_ip4
                0x0000000008007790        0x6 ./Middlewares/Third_Party/LwIP/src/core/netif.o
 *fill*         0x0000000008007796        0x2 
 .text.netif_issue_reports
                0x0000000008007798       0x44 ./Middlewares/Third_Party/LwIP/src/core/netif.o
 .text.netif_do_set_ipaddr.isra.0
                0x00000000080077dc       0x50 ./Middlewares/Third_Party/LwIP/src/core/netif.o
 .text.netif_init
                0x000000000800782c        0x2 ./Middlewares/Third_Party/LwIP/src/core/netif.o
                0x000000000800782c                netif_init
 *fill*         0x000000000800782e        0x2 
 .text.netif_set_addr
                0x0000000008007830       0x58 ./Middlewares/Third_Party/LwIP/src/core/netif.o
                0x0000000008007830                netif_set_addr
 .text.netif_add
                0x0000000008007888      0x12c ./Middlewares/Third_Party/LwIP/src/core/netif.o
                0x0000000008007888                netif_add
 .text.netif_set_default
                0x00000000080079b4        0xc ./Middlewares/Third_Party/LwIP/src/core/netif.o
                0x00000000080079b4                netif_set_default
 .text.netif_set_up
                0x00000000080079c0       0x34 ./Middlewares/Third_Party/LwIP/src/core/netif.o
                0x00000000080079c0                netif_set_up
 .text.netif_set_down
                0x00000000080079f4       0x38 ./Middlewares/Third_Party/LwIP/src/core/netif.o
                0x00000000080079f4                netif_set_down
 .text.netif_set_link_up
                0x0000000008007a2c       0x48 ./Middlewares/Third_Party/LwIP/src/core/netif.o
                0x0000000008007a2c                netif_set_link_up
 .text.netif_set_link_down
                0x0000000008007a74       0x34 ./Middlewares/Third_Party/LwIP/src/core/netif.o
                0x0000000008007a74                netif_set_link_down
 .text.netif_set_link_callback
                0x0000000008007aa8        0x6 ./Middlewares/Third_Party/LwIP/src/core/netif.o
                0x0000000008007aa8                netif_set_link_callback
 *fill*         0x0000000008007aae        0x2 
 .text.netif_get_by_index
                0x0000000008007ab0       0x24 ./Middlewares/Third_Party/LwIP/src/core/netif.o
                0x0000000008007ab0                netif_get_by_index
 .text.pbuf_free_ooseq_callback
                0x0000000008007ad4       0x30 ./Middlewares/Third_Party/LwIP/src/core/pbuf.o
 .text.pbuf_add_header_impl
                0x0000000008007b04       0x64 ./Middlewares/Third_Party/LwIP/src/core/pbuf.o
 .text.pbuf_alloc_reference
                0x0000000008007b68       0x48 ./Middlewares/Third_Party/LwIP/src/core/pbuf.o
                0x0000000008007b68                pbuf_alloc_reference
 .text.pbuf_alloced_custom
                0x0000000008007bb0       0x34 ./Middlewares/Third_Party/LwIP/src/core/pbuf.o
                0x0000000008007bb0                pbuf_alloced_custom
 .text.pbuf_add_header
                0x0000000008007be4        0x6 ./Middlewares/Third_Party/LwIP/src/core/pbuf.o
                0x0000000008007be4                pbuf_add_header
 *fill*         0x0000000008007bea        0x2 
 .text.pbuf_remove_header
                0x0000000008007bec       0x58 ./Middlewares/Third_Party/LwIP/src/core/pbuf.o
                0x0000000008007bec                pbuf_remove_header
 .text.pbuf_header_force
                0x0000000008007c44       0x10 ./Middlewares/Third_Party/LwIP/src/core/pbuf.o
                0x0000000008007c44                pbuf_header_force
 .text.pbuf_free
                0x0000000008007c54       0xd0 ./Middlewares/Third_Party/LwIP/src/core/pbuf.o
                0x0000000008007c54                pbuf_free
 .text.pbuf_alloc
                0x0000000008007d24      0x124 ./Middlewares/Third_Party/LwIP/src/core/pbuf.o
                0x0000000008007d24                pbuf_alloc
 .text.pbuf_realloc
                0x0000000008007e48       0xb0 ./Middlewares/Third_Party/LwIP/src/core/pbuf.o
                0x0000000008007e48                pbuf_realloc
 .text.pbuf_clen
                0x0000000008007ef8       0x10 ./Middlewares/Third_Party/LwIP/src/core/pbuf.o
                0x0000000008007ef8                pbuf_clen
 .text.pbuf_ref
                0x0000000008007f08       0x38 ./Middlewares/Third_Party/LwIP/src/core/pbuf.o
                0x0000000008007f08                pbuf_ref
 .text.pbuf_cat
                0x0000000008007f40       0x74 ./Middlewares/Third_Party/LwIP/src/core/pbuf.o
                0x0000000008007f40                pbuf_cat
 .text.pbuf_copy
                0x0000000008007fb4      0x104 ./Middlewares/Third_Party/LwIP/src/core/pbuf.o
                0x0000000008007fb4                pbuf_copy
 .text.pbuf_copy_partial
                0x00000000080080b8       0x8c ./Middlewares/Third_Party/LwIP/src/core/pbuf.o
                0x00000000080080b8                pbuf_copy_partial
 .text.pbuf_clone
                0x0000000008008144       0x38 ./Middlewares/Third_Party/LwIP/src/core/pbuf.o
                0x0000000008008144                pbuf_clone
 .text.tcp_new_port
                0x000000000800817c       0x54 ./Middlewares/Third_Party/LwIP/src/core/tcp.o
 .text.tcp_close_shutdown_fin
                0x00000000080081d0       0x60 ./Middlewares/Third_Party/LwIP/src/core/tcp.o
 .text.tcp_init
                0x0000000008008230       0x18 ./Middlewares/Third_Party/LwIP/src/core/tcp.o
                0x0000000008008230                tcp_init
 .text.tcp_free
                0x0000000008008248       0x30 ./Middlewares/Third_Party/LwIP/src/core/tcp.o
                0x0000000008008248                tcp_free
 .text.tcp_update_rcv_ann_wnd
                0x0000000008008278       0x6c ./Middlewares/Third_Party/LwIP/src/core/tcp.o
                0x0000000008008278                tcp_update_rcv_ann_wnd
 .text.tcp_recved
                0x00000000080082e4       0x7c ./Middlewares/Third_Party/LwIP/src/core/tcp.o
                0x00000000080082e4                tcp_recved
 .text.tcp_seg_free
                0x0000000008008360       0x1c ./Middlewares/Third_Party/LwIP/src/core/tcp.o
                0x0000000008008360                tcp_seg_free
 .text.tcp_segs_free
                0x000000000800837c       0x10 ./Middlewares/Third_Party/LwIP/src/core/tcp.o
                0x000000000800837c                tcp_segs_free
 .text.tcp_seg_copy
                0x000000000800838c       0x48 ./Middlewares/Third_Party/LwIP/src/core/tcp.o
                0x000000000800838c                tcp_seg_copy
 .text.tcp_arg  0x00000000080083d4        0x6 ./Middlewares/Third_Party/LwIP/src/core/tcp.o
                0x00000000080083d4                tcp_arg
 *fill*         0x00000000080083da        0x2 
 .text.tcp_recv
                0x00000000080083dc       0x30 ./Middlewares/Third_Party/LwIP/src/core/tcp.o
                0x00000000080083dc                tcp_recv
 .text.tcp_sent
                0x000000000800840c       0x30 ./Middlewares/Third_Party/LwIP/src/core/tcp.o
                0x000000000800840c                tcp_sent
 .text.tcp_err  0x000000000800843c       0x30 ./Middlewares/Third_Party/LwIP/src/core/tcp.o
                0x000000000800843c                tcp_err
 .text.tcp_accept
                0x000000000800846c        0xc ./Middlewares/Third_Party/LwIP/src/core/tcp.o
                0x000000000800846c                tcp_accept
 .text.tcp_poll
                0x0000000008008478       0x48 ./Middlewares/Third_Party/LwIP/src/core/tcp.o
                0x0000000008008478                tcp_poll
 .text.tcp_next_iss
                0x00000000080084c0       0x34 ./Middlewares/Third_Party/LwIP/src/core/tcp.o
                0x00000000080084c0                tcp_next_iss
 .text.tcp_eff_send_mss_netif
                0x00000000080084f4       0x3c ./Middlewares/Third_Party/LwIP/src/core/tcp.o
                0x00000000080084f4                tcp_eff_send_mss_netif
 .text.tcp_connect
                0x0000000008008530      0x130 ./Middlewares/Third_Party/LwIP/src/core/tcp.o
                0x0000000008008530                tcp_connect
 .text.tcp_free_ooseq
                0x0000000008008660       0x12 ./Middlewares/Third_Party/LwIP/src/core/tcp.o
                0x0000000008008660                tcp_free_ooseq
 *fill*         0x0000000008008672        0x2 
 .text.tcp_pcb_purge
                0x0000000008008674       0x64 ./Middlewares/Third_Party/LwIP/src/core/tcp.o
                0x0000000008008674                tcp_pcb_purge
 .text.tcp_pcb_remove
                0x00000000080086d8       0xcc ./Middlewares/Third_Party/LwIP/src/core/tcp.o
                0x00000000080086d8                tcp_pcb_remove
 .text.tcp_abandon
                0x00000000080087a4      0x104 ./Middlewares/Third_Party/LwIP/src/core/tcp.o
                0x00000000080087a4                tcp_abandon
 .text.tcp_abort
                0x00000000080088a8        0x6 ./Middlewares/Third_Party/LwIP/src/core/tcp.o
                0x00000000080088a8                tcp_abort
 *fill*         0x00000000080088ae        0x2 
 .text.tcp_netif_ip_addr_changed_pcblist
                0x00000000080088b0       0x3c ./Middlewares/Third_Party/LwIP/src/core/tcp.o
 .text.tcp_netif_ip_addr_changed
                0x00000000080088ec       0x48 ./Middlewares/Third_Party/LwIP/src/core/tcp.o
                0x00000000080088ec                tcp_netif_ip_addr_changed
 .text.tcp_kill_state
                0x0000000008008934       0x3c ./Middlewares/Third_Party/LwIP/src/core/tcp.o
 .text.tcp_alloc
                0x0000000008008970      0x134 ./Middlewares/Third_Party/LwIP/src/core/tcp.o
                0x0000000008008970                tcp_alloc
 .text.tcp_new_ip_type
                0x0000000008008aa4        0x6 ./Middlewares/Third_Party/LwIP/src/core/tcp.o
                0x0000000008008aa4                tcp_new_ip_type
 *fill*         0x0000000008008aaa        0x2 
 .text.tcp_close_shutdown
                0x0000000008008aac      0x164 ./Middlewares/Third_Party/LwIP/src/core/tcp.o
 .text.tcp_close
                0x0000000008008c10       0x3c ./Middlewares/Third_Party/LwIP/src/core/tcp.o
                0x0000000008008c10                tcp_close
 .text.tcp_recv_null
                0x0000000008008c4c       0x48 ./Middlewares/Third_Party/LwIP/src/core/tcp.o
                0x0000000008008c4c                tcp_recv_null
 .text.tcp_process_refused_data
                0x0000000008008c94       0x88 ./Middlewares/Third_Party/LwIP/src/core/tcp.o
                0x0000000008008c94                tcp_process_refused_data
 .text.tcp_fasttmr
                0x0000000008008d1c       0x80 ./Middlewares/Third_Party/LwIP/src/core/tcp.o
                0x0000000008008d1c                tcp_fasttmr
 .text.tcp_shutdown
                0x0000000008008d9c       0x70 ./Middlewares/Third_Party/LwIP/src/core/tcp.o
                0x0000000008008d9c                tcp_shutdown
 .text.tcp_slowtmr
                0x0000000008008e0c      0x43c ./Middlewares/Third_Party/LwIP/src/core/tcp.o
                0x0000000008008e0c                tcp_slowtmr
 .text.tcp_tmr  0x0000000008009248       0x24 ./Middlewares/Third_Party/LwIP/src/core/tcp.o
                0x0000000008009248                tcp_tmr
 .text.tcp_get_next_optbyte
                0x000000000800926c       0x38 ./Middlewares/Third_Party/LwIP/src/core/tcp_in.o
 .text.tcp_oos_insert_segment
                0x00000000080092a4       0x94 ./Middlewares/Third_Party/LwIP/src/core/tcp_in.o
 .text.tcp_parseopt
                0x0000000008009338       0x90 ./Middlewares/Third_Party/LwIP/src/core/tcp_in.o
 .text.tcp_input_delayed_close
                0x00000000080093c8       0x58 ./Middlewares/Third_Party/LwIP/src/core/tcp_in.o
 .text.tcp_free_acked_segments.constprop.0
                0x0000000008009420       0xc4 ./Middlewares/Third_Party/LwIP/src/core/tcp_in.o
 .text.tcp_receive
                0x00000000080094e4      0x85c ./Middlewares/Third_Party/LwIP/src/core/tcp_in.o
 .text.tcp_input
                0x0000000008009d40      0xafc ./Middlewares/Third_Party/LwIP/src/core/tcp_in.o
                0x0000000008009d40                tcp_input
 .text.tcp_trigger_input_pcb_close
                0x000000000800a83c       0x10 ./Middlewares/Third_Party/LwIP/src/core/tcp_in.o
                0x000000000800a83c                tcp_trigger_input_pcb_close
 .text.tcp_output_segment_busy
                0x000000000800a84c       0x2c ./Middlewares/Third_Party/LwIP/src/core/tcp_out.o
 .text.tcp_pbuf_prealloc
                0x000000000800a878       0x98 ./Middlewares/Third_Party/LwIP/src/core/tcp_out.o
 .text.tcp_create_segment
                0x000000000800a910       0xe4 ./Middlewares/Third_Party/LwIP/src/core/tcp_out.o
 .text.tcp_output_alloc_header_common.constprop.0
                0x000000000800a9f4       0x84 ./Middlewares/Third_Party/LwIP/src/core/tcp_out.o
 .text.tcp_output_alloc_header.constprop.0
                0x000000000800aa78       0x4c ./Middlewares/Third_Party/LwIP/src/core/tcp_out.o
 .text.tcp_output_fill_options.constprop.0
                0x000000000800aac4       0x20 ./Middlewares/Third_Party/LwIP/src/core/tcp_out.o
 .text.tcp_output_control_segment
                0x000000000800aae4       0x70 ./Middlewares/Third_Party/LwIP/src/core/tcp_out.o
 .text.tcp_write
                0x000000000800ab54      0x53c ./Middlewares/Third_Party/LwIP/src/core/tcp_out.o
                0x000000000800ab54                tcp_write
 .text.tcp_split_unsent_seg
                0x000000000800b090      0x198 ./Middlewares/Third_Party/LwIP/src/core/tcp_out.o
                0x000000000800b090                tcp_split_unsent_seg
 .text.tcp_enqueue_flags
                0x000000000800b228      0x128 ./Middlewares/Third_Party/LwIP/src/core/tcp_out.o
                0x000000000800b228                tcp_enqueue_flags
 .text.tcp_send_fin
                0x000000000800b350       0x60 ./Middlewares/Third_Party/LwIP/src/core/tcp_out.o
                0x000000000800b350                tcp_send_fin
 .text.tcp_rexmit_rto_prepare
                0x000000000800b3b0       0x88 ./Middlewares/Third_Party/LwIP/src/core/tcp_out.o
                0x000000000800b3b0                tcp_rexmit_rto_prepare
 .text.tcp_rexmit
                0x000000000800b438       0x80 ./Middlewares/Third_Party/LwIP/src/core/tcp_out.o
                0x000000000800b438                tcp_rexmit
 .text.tcp_rexmit_fast
                0x000000000800b4b8       0x68 ./Middlewares/Third_Party/LwIP/src/core/tcp_out.o
                0x000000000800b4b8                tcp_rexmit_fast
 .text.tcp_rst  0x000000000800b520       0x8c ./Middlewares/Third_Party/LwIP/src/core/tcp_out.o
                0x000000000800b520                tcp_rst
 .text.tcp_send_empty_ack
                0x000000000800b5ac       0x64 ./Middlewares/Third_Party/LwIP/src/core/tcp_out.o
                0x000000000800b5ac                tcp_send_empty_ack
 .text.tcp_output
                0x000000000800b610      0x354 ./Middlewares/Third_Party/LwIP/src/core/tcp_out.o
                0x000000000800b610                tcp_output
 .text.tcp_rexmit_rto_commit
                0x000000000800b964       0x38 ./Middlewares/Third_Party/LwIP/src/core/tcp_out.o
                0x000000000800b964                tcp_rexmit_rto_commit
 .text.tcp_rexmit_rto
                0x000000000800b99c       0x34 ./Middlewares/Third_Party/LwIP/src/core/tcp_out.o
                0x000000000800b99c                tcp_rexmit_rto
 .text.tcp_keepalive
                0x000000000800b9d0       0x50 ./Middlewares/Third_Party/LwIP/src/core/tcp_out.o
                0x000000000800b9d0                tcp_keepalive
 .text.tcp_zero_window_probe
                0x000000000800ba20       0xc8 ./Middlewares/Third_Party/LwIP/src/core/tcp_out.o
                0x000000000800ba20                tcp_zero_window_probe
 .text.sys_timeout_abs
                0x000000000800bae8       0x64 ./Middlewares/Third_Party/LwIP/src/core/timeouts.o
 .text.lwip_cyclic_timer
                0x000000000800bb4c       0x34 ./Middlewares/Third_Party/LwIP/src/core/timeouts.o
 .text.sys_timeout
                0x000000000800bb80       0x3c ./Middlewares/Third_Party/LwIP/src/core/timeouts.o
                0x000000000800bb80                sys_timeout
 .text.tcp_timer_needed
                0x000000000800bbbc       0x34 ./Middlewares/Third_Party/LwIP/src/core/timeouts.o
                0x000000000800bbbc                tcp_timer_needed
 .text.tcpip_tcp_timer
                0x000000000800bbf0       0x38 ./Middlewares/Third_Party/LwIP/src/core/timeouts.o
 .text.sys_timeouts_init
                0x000000000800bc28       0x2c ./Middlewares/Third_Party/LwIP/src/core/timeouts.o
                0x000000000800bc28                sys_timeouts_init
 .text.sys_check_timeouts
                0x000000000800bc54       0x44 ./Middlewares/Third_Party/LwIP/src/core/timeouts.o
                0x000000000800bc54                sys_check_timeouts
 .text.sys_timeouts_sleeptime
                0x000000000800bc98       0x24 ./Middlewares/Third_Party/LwIP/src/core/timeouts.o
                0x000000000800bc98                sys_timeouts_sleeptime
 .text.udp_init
                0x000000000800bcbc       0x18 ./Middlewares/Third_Party/LwIP/src/core/udp.o
                0x000000000800bcbc                udp_init
 .text.udp_input
                0x000000000800bcd4      0x1b0 ./Middlewares/Third_Party/LwIP/src/core/udp.o
                0x000000000800bcd4                udp_input
 .text.udp_bind
                0x000000000800be84       0xcc ./Middlewares/Third_Party/LwIP/src/core/udp.o
                0x000000000800be84                udp_bind
 .text.udp_connect
                0x000000000800bf50       0x78 ./Middlewares/Third_Party/LwIP/src/core/udp.o
                0x000000000800bf50                udp_connect
 .text.udp_recv
                0x000000000800bfc8       0x24 ./Middlewares/Third_Party/LwIP/src/core/udp.o
                0x000000000800bfc8                udp_recv
 .text.udp_remove
                0x000000000800bfec       0x4c ./Middlewares/Third_Party/LwIP/src/core/udp.o
                0x000000000800bfec                udp_remove
 .text.udp_new  0x000000000800c038       0x1c ./Middlewares/Third_Party/LwIP/src/core/udp.o
                0x000000000800c038                udp_new
 .text.udp_new_ip_type
                0x000000000800c054        0x4 ./Middlewares/Third_Party/LwIP/src/core/udp.o
                0x000000000800c054                udp_new_ip_type
 .text.udp_netif_ip_addr_changed
                0x000000000800c058       0x2c ./Middlewares/Third_Party/LwIP/src/core/udp.o
                0x000000000800c058                udp_netif_ip_addr_changed
 .text.etharp_free_entry
                0x000000000800c084       0x28 ./Middlewares/Third_Party/LwIP/src/core/ipv4/etharp.o
 .text.etharp_find_entry
                0x000000000800c0ac      0x11c ./Middlewares/Third_Party/LwIP/src/core/ipv4/etharp.o
 .text.etharp_raw
                0x000000000800c1c8       0xdc ./Middlewares/Third_Party/LwIP/src/core/ipv4/etharp.o
 .text.etharp_cleanup_netif
                0x000000000800c2a4       0x28 ./Middlewares/Third_Party/LwIP/src/core/ipv4/etharp.o
                0x000000000800c2a4                etharp_cleanup_netif
 .text.etharp_input
                0x000000000800c2cc      0x14c ./Middlewares/Third_Party/LwIP/src/core/ipv4/etharp.o
                0x000000000800c2cc                etharp_input
 .text.etharp_request
                0x000000000800c418       0x2c ./Middlewares/Third_Party/LwIP/src/core/ipv4/etharp.o
                0x000000000800c418                etharp_request
 .text.etharp_tmr
                0x000000000800c444       0x54 ./Middlewares/Third_Party/LwIP/src/core/ipv4/etharp.o
                0x000000000800c444                etharp_tmr
 .text.etharp_output_to_arp_index
                0x000000000800c498       0xac ./Middlewares/Third_Party/LwIP/src/core/ipv4/etharp.o
 .text.etharp_query
                0x000000000800c544      0x130 ./Middlewares/Third_Party/LwIP/src/core/ipv4/etharp.o
                0x000000000800c544                etharp_query
 .text.etharp_output
                0x000000000800c674      0x140 ./Middlewares/Third_Party/LwIP/src/core/ipv4/etharp.o
                0x000000000800c674                etharp_output
 .text.icmp_send_response
                0x000000000800c7b4       0x90 ./Middlewares/Third_Party/LwIP/src/core/ipv4/icmp.o
 .text.icmp_input
                0x000000000800c844      0x12c ./Middlewares/Third_Party/LwIP/src/core/ipv4/icmp.o
                0x000000000800c844                icmp_input
 .text.icmp_dest_unreach
                0x000000000800c970        0x8 ./Middlewares/Third_Party/LwIP/src/core/ipv4/icmp.o
                0x000000000800c970                icmp_dest_unreach
 .text.icmp_time_exceeded
                0x000000000800c978        0x8 ./Middlewares/Third_Party/LwIP/src/core/ipv4/icmp.o
                0x000000000800c978                icmp_time_exceeded
 .text.ip4_input_accept
                0x000000000800c980       0x34 ./Middlewares/Third_Party/LwIP/src/core/ipv4/ip4.o
 .text.ip4_route
                0x000000000800c9b4       0x5c ./Middlewares/Third_Party/LwIP/src/core/ipv4/ip4.o
                0x000000000800c9b4                ip4_route
 .text.ip4_input
                0x000000000800ca10      0x168 ./Middlewares/Third_Party/LwIP/src/core/ipv4/ip4.o
                0x000000000800ca10                ip4_input
 .text.ip4_output_if_src
                0x000000000800cb78       0xf8 ./Middlewares/Third_Party/LwIP/src/core/ipv4/ip4.o
                0x000000000800cb78                ip4_output_if_src
 .text.ip4_output_if
                0x000000000800cc70       0x22 ./Middlewares/Third_Party/LwIP/src/core/ipv4/ip4.o
                0x000000000800cc70                ip4_output_if
 .text.ip4_addr_isbroadcast_u32
                0x000000000800cc92       0x36 ./Middlewares/Third_Party/LwIP/src/core/ipv4/ip4_addr.o
                0x000000000800cc92                ip4_addr_isbroadcast_u32
 .text.ip4addr_aton
                0x000000000800ccc8      0x134 ./Middlewares/Third_Party/LwIP/src/core/ipv4/ip4_addr.o
                0x000000000800ccc8                ip4addr_aton
 .text.ip_reass_dequeue_datagram
                0x000000000800cdfc       0x44 ./Middlewares/Third_Party/LwIP/src/core/ipv4/ip4_frag.o
 .text.ip_reass_free_complete_datagram
                0x000000000800ce40       0xe8 ./Middlewares/Third_Party/LwIP/src/core/ipv4/ip4_frag.o
 .text.ip_reass_remove_oldest_datagram
                0x000000000800cf28       0x78 ./Middlewares/Third_Party/LwIP/src/core/ipv4/ip4_frag.o
 .text.ip_frag_free_pbuf_custom_ref
                0x000000000800cfa0       0x2c ./Middlewares/Third_Party/LwIP/src/core/ipv4/ip4_frag.o
 .text.ipfrag_free_pbuf_custom
                0x000000000800cfcc       0x34 ./Middlewares/Third_Party/LwIP/src/core/ipv4/ip4_frag.o
 .text.ip_reass_tmr
                0x000000000800d000       0x2c ./Middlewares/Third_Party/LwIP/src/core/ipv4/ip4_frag.o
                0x000000000800d000                ip_reass_tmr
 .text.ip4_reass
                0x000000000800d02c      0x3b4 ./Middlewares/Third_Party/LwIP/src/core/ipv4/ip4_frag.o
                0x000000000800d02c                ip4_reass
 .text.ip4_frag
                0x000000000800d3e0      0x1d8 ./Middlewares/Third_Party/LwIP/src/core/ipv4/ip4_frag.o
                0x000000000800d3e0                ip4_frag
 .text.ethernet_input
                0x000000000800d5b8       0xa0 ./Middlewares/Third_Party/LwIP/src/netif/ethernet.o
                0x000000000800d5b8                ethernet_input
 .text.ethernet_output
                0x000000000800d658       0x70 ./Middlewares/Third_Party/LwIP/src/netif/ethernet.o
                0x000000000800d658                ethernet_output
 .text.sys_mbox_new
                0x000000000800d6c8       0x24 ./Middlewares/Third_Party/LwIP/system/OS/sys_arch.o
                0x000000000800d6c8                sys_mbox_new
 .text.sys_mbox_free
                0x000000000800d6ec       0x14 ./Middlewares/Third_Party/LwIP/system/OS/sys_arch.o
                0x000000000800d6ec                sys_mbox_free
 .text.sys_mbox_trypost
                0x000000000800d700       0x14 ./Middlewares/Third_Party/LwIP/system/OS/sys_arch.o
                0x000000000800d700                sys_mbox_trypost
 .text.sys_arch_mbox_fetch
                0x000000000800d714       0x44 ./Middlewares/Third_Party/LwIP/system/OS/sys_arch.o
                0x000000000800d714                sys_arch_mbox_fetch
 .text.sys_arch_mbox_tryfetch
                0x000000000800d758       0x22 ./Middlewares/Third_Party/LwIP/system/OS/sys_arch.o
                0x000000000800d758                sys_arch_mbox_tryfetch
 .text.sys_mbox_valid