../Core/Src/main.c:80:6:resetSPI	16	static
../Core/Src/main.c:85:9:create_message	16	static
../Core/Src/main.c:100:5:main	120	static
../Core/Src/main.c:192:6:SystemClock_Config	88	static
../Core/Src/main.c:240:13:MX_I2C1_Init	8	static
../Core/Src/main.c:274:13:MX_SPI1_Init	8	static
../Core/Src/main.c:311:13:MX_TIM1_Init	32	static
../Core/Src/main.c:360:13:MX_USART2_UART_Init	8	static
../Core/Src/main.c:393:13:MX_GPIO_Init	48	static
../Core/Src/main.c:436:6:StartDefaultTask	16	static
../Core/Src/main.c:454:6:IRTask_Start	16	static
../Core/Src/main.c:489:6:HAL_SPI_TxCpltCallback	16	static
../Core/Src/main.c:492:6:HAL_SPI_RxCpltCallback	24	static
../Core/Src/main.c:505:6:spiInteractionTaskStart	16	static
../Core/Src/main.c:529:6:HAL_TIM_PeriodElapsedCallback	16	static
../Core/Src/main.c:546:6:Error_Handler	4	static,ignoring_inline_asm
