../Core/Src/main.c:79:6:resetSPI	16	static
../Core/Src/main.c:94:5:main	120	static
../Core/Src/main.c:186:6:SystemClock_Config	88	static
../Core/Src/main.c:234:13:MX_I2C1_Init	8	static
../Core/Src/main.c:268:13:MX_SPI1_Init	8	static
../Core/Src/main.c:305:13:MX_TIM1_Init	32	static
../Core/Src/main.c:354:13:MX_USART2_UART_Init	8	static
../Core/Src/main.c:387:13:MX_GPIO_Init	48	static
../Core/Src/main.c:430:6:StartDefaultTask	16	static
../Core/Src/main.c:448:6:IRTask_Start	16	static
../Core/Src/main.c:483:6:HAL_SPI_TxCpltCallback	16	static
../Core/Src/main.c:486:6:HAL_SPI_RxCpltCallback	16	static
../Core/Src/main.c:496:6:spiInteractionTaskStart	16	static
../Core/Src/main.c:520:6:HAL_TIM_PeriodElapsedCallback	16	static
../Core/Src/main.c:537:6:Error_Handler	4	static,ignoring_inline_asm
