../Middlewares/Third_Party/MQTT/MQTTClient.c:34:12:sendPacket	40	static
../Middlewares/Third_Party/MQTT/MQTTClient.c:57:6:MQTTClientInit	8	static
../Middlewares/Third_Party/MQTT/MQTTClient.c:179:5:deliverMessage	40	static
../Middlewares/Third_Party/MQTT/MQTTClient.c:212:5:keepalive	24	static
../Middlewares/Third_Party/MQTT/MQTTClient.c:239:6:MQTTCleanSession	0	static
../Middlewares/Third_Party/MQTT/MQTTClient.c:248:6:MQTTCloseSession	0	static
../Middlewares/Third_Party/MQTT/MQTTClient.c:257:5:cycle	96	static
../Middlewares/Third_Party/MQTT/MQTTClient.c:341:5:MQTTYield	24	static
../Middlewares/Third_Party/MQTT/MQTTClient.c:361:5:MQTTIsConnected	0	static
../Middlewares/Third_Party/MQTT/MQTTClient.c:366:6:MQTTRun	16	static
../Middlewares/Third_Party/MQTT/MQTTClient.c:395:5:waitfor	24	static
../Middlewares/Third_Party/MQTT/MQTTClient.c:413:5:MQTTConnectWithResults	120	static
../Middlewares/Third_Party/MQTT/MQTTClient.c:468:5:MQTTConnect	16	static
../Middlewares/Third_Party/MQTT/MQTTClient.c:475:5:MQTTSetMessageHandler	24	static
../Middlewares/Third_Party/MQTT/MQTTClient.c:517:5:MQTTSubscribeWithResults	88	static
../Middlewares/Third_Party/MQTT/MQTTClient.c:565:5:MQTTSubscribe	24	static
../Middlewares/Third_Party/MQTT/MQTTClient.c:573:5:MQTTUnsubscribe	48	static
../Middlewares/Third_Party/MQTT/MQTTClient.c:617:5:MQTTPublish	72	static
../Middlewares/Third_Party/MQTT/MQTTClient.c:679:5:MQTTDisconnect	16	static
