../Middlewares/Third_Party/MQTT/MQTTInterface.c:133:5:net_read	40	static
../Middlewares/Third_Party/MQTT/MQTTInterface.c:173:5:net_write	16	static
../Middlewares/Third_Party/MQTT/MQTTInterface.c:179:6:net_disconnect	8	static
../Middlewares/Third_Party/MQTT/MQTTInterface.c:18:6:TimerIsExpired	0	static
../Middlewares/Third_Party/MQTT/MQTTInterface.c:23:6:TimerCountdownMS	0	static
../Middlewares/Third_Party/MQTT/MQTTInterface.c:27:6:TimerCountdown	0	static
../Middlewares/Third_Party/MQTT/MQTTInterface.c:31:5:TimerLeftMS	0	static
../Middlewares/Third_Party/MQTT/MQTTInterface.c:36:6:TimerInit	0	static
../Middlewares/Third_Party/MQTT/MQTTInterface.c:40:6:InitTimer	0	static
../Middlewares/Third_Party/MQTT/MQTTInterface.c:104:6:NewNetwork	0	static
../Middlewares/Third_Party/MQTT/MQTTInterface.c:114:5:ConnectNetwork	24	static
