../Drivers/CMSIS/Include/core_cm7.h:2229:22:SCB_EnableICache	4	static,ignoring_inline_asm
../Drivers/CMSIS/Include/core_cm7.h:2281:22:SCB_EnableDCache	24	static,ignoring_inline_asm
../Core/Src/main.c:78:6:HAL_SPI_TxRxCpltCallback	16	static
../Core/Src/main.c:98:5:main	48	static
../Core/Src/main.c:182:6:SystemClock_Config	88	static
../Core/Src/main.c:240:13:MX_SPI1_Init	8	static
../Core/Src/main.c:280:13:MX_USART3_UART_Init	8	static
../Core/Src/main.c:315:13:MX_USB_OTG_FS_PCD_Init	8	static
../Core/Src/main.c:350:13:MX_GPIO_Init	56	static
../Core/Src/main.c:411:6:StartDefaultTask	80	static
../Core/Src/main.c:433:6:MPU_Config	24	static
../Core/Src/main.c:491:6:HAL_TIM_PeriodElapsedCallback	16	static
../Core/Src/main.c:508:6:Error_Handler	4	static,ignoring_inline_asm
