../Drivers/CMSIS/Include/core_cm7.h:2229:22:SCB_EnableICache	4	static,ignoring_inline_asm
../Drivers/CMSIS/Include/core_cm7.h:2281:22:SCB_EnableDCache	24	static,ignoring_inline_asm
../Core/Src/main.c:90:5:main	56	static
../Core/Src/main.c:181:6:SystemClock_Config	88	static
../Core/Src/main.c:239:13:MX_SPI1_Init	8	static
../Core/Src/main.c:279:13:MX_USART3_UART_Init	8	static
../Core/Src/main.c:314:13:MX_USB_OTG_FS_PCD_Init	8	static
../Core/Src/main.c:349:13:MX_GPIO_Init	56	static
../Core/Src/main.c:410:6:StartDefaultTask	80	static
../Core/Src/main.c:436:6:MPU_Config	24	static
../Core/Src/main.c:494:6:HAL_TIM_PeriodElapsedCallback	16	static
../Core/Src/main.c:511:6:Error_Handler	4	static,ignoring_inline_asm
