07:53:23 **** Incremental Build of configuration Debug for project Sample_I2C ****
make -j12 all 
arm-none-eabi-size   Sample_I2C.elf 
   text	   data	    bss	    dec	    hex	filename
  33340	     24	  18280	  51644	   c9bc	Sample_I2C.elf
Finished building: default.size.stdout
 
07:53:32 **** Incremental Build of configuration Debug for project Sample_I2C ****
make -j12 all 
arm-none-eabi-size   Sample_I2C.elf 
   text	   data	    bss	    dec	    hex	filename
  33340	     24	  18280	  51644	   c9bc	Sample_I2C.elf
Finished building: default.size.stdout
 
07:53:50 **** Incremental Build of configuration Debug for project Sample_I2C ****
make -j12 all 
arm-none-eabi-size   Sample_I2C.elf 
   text	   data	    bss	    dec	    hex	filename
  33340	     24	  18280	  51644	   c9bc	Sample_I2C.elf
Finished building: default.size.stdout
 
07:54:26 **** Incremental Build of configuration Debug for project Sample_I2C ****
make -j12 all 
arm-none-eabi-size   Sample_I2C.elf 
   text	   data	    bss	    dec	    hex	filename
  33340	     24	  18280	  51644	   c9bc	Sample_I2C.elf
Finished building: default.size.stdout
 
07:55:49 **** Incremental Build of configuration Debug for project Sample_I2C ****
make -j12 all 
arm-none-eabi-size   Sample_I2C.elf 
   text	   data	    bss	    dec	    hex	filename
  33340	     24	  18280	  51644	   c9bc	Sample_I2C.elf
Finished building: default.size.stdout
 
