19:18:29 **** Incremental Build of configuration Debug for project Trial_LWIP ****
make -j12 all 
arm-none-eabi-gcc "../Core/Src/freertos.c" -mcpu=cortex-m7 -std=gnu11 -g3 -DDEBUG -DDATA_IN_D2_SRAM -DUSE_HAL_DRIVER -DSTM32F767xx -c -I../Core/Inc -I"/home/jeff/STM32CubeIDE/workspace_1.12.1/Intruder-Detection-System/Trial_LWIP/Middlewares/Third_Party/generated" -I"/home/jeff/STM32CubeIDE/workspace_1.12.1/Intruder-Detection-System/Trial_LWIP/Middlewares/Third_Party/MQTT/MQTTPacket/src" -I"/home/jeff/STM32CubeIDE/workspace_1.12.1/Intruder-Detection-System/Trial_LWIP/Middlewares/Third_Party/MQTT/MQTTPacket" -I"/home/jeff/STM32CubeIDE/workspace_1.12.1/Intruder-Detection-System/Trial_LWIP/Middlewares/Third_Party/MQTT" -I../LWIP/App -I../LWIP/Target -I../Middlewares/Third_Party/LwIP/src/include -I../Middlewares/Third_Party/LwIP/system -I../Drivers/STM32F7xx_HAL_Driver/Inc -I../Drivers/STM32F7xx_HAL_Driver/Inc/Legacy -I../Middlewares/Third_Party/FreeRTOS/Source/include -I../Middlewares/Third_Party/FreeRTOS/Source/CMSIS_RTOS -I../Middlewares/Third_Party/FreeRTOS/Source/portable/GCC/ARM_CM7/r0p1 -I../Drivers/BSP/Components/lan8742 -I../Middlewares/Third_Party/LwIP/src/include/netif/ppp -I../Drivers/CMSIS/Device/ST/STM32F7xx/Include -I../Middlewares/Third_Party/LwIP/src/include/lwip -I../Middlewares/Third_Party/LwIP/src/include/lwip/apps -I../Middlewares/Third_Party/LwIP/src/include/lwip/priv -I../Middlewares/Third_Party/LwIP/src/include/lwip/prot -I../Middlewares/Third_Party/LwIP/src/include/netif -I../Middlewares/Third_Party/LwIP/src/include/compat/posix -I../Middlewares/Third_Party/LwIP/src/include/compat/posix/arpa -I../Middlewares/Third_Party/LwIP/src/include/compat/posix/net -I../Middlewares/Third_Party/LwIP/src/include/compat/posix/sys -I../Middlewares/Third_Party/LwIP/src/include/compat/stdc -I../Middlewares/Third_Party/LwIP/system/arch -I../Drivers/CMSIS/Include -O0 -ffunction-sections -fdata-sections -Wall -fstack-usage -fcyclomatic-complexity -MMD -MP -MF"Core/Src/freertos.d" -MT"Core/Src/freertos.o" --specs=nano.specs -mfpu=fpv5-d16 -mfloat-abi=hard -mthumb -o "Core/Src/freertos.o"
arm-none-eabi-gcc "../Core/Src/main.c" -mcpu=cortex-m7 -std=gnu11 -g3 -DDEBUG -DDATA_IN_D2_SRAM -DUSE_HAL_DRIVER -DSTM32F767xx -c -I../Core/Inc -I"/home/jeff/STM32CubeIDE/workspace_1.12.1/Intruder-Detection-System/Trial_LWIP/Middlewares/Third_Party/generated" -I"/home/jeff/STM32CubeIDE/workspace_1.12.1/Intruder-Detection-System/Trial_LWIP/Middlewares/Third_Party/MQTT/MQTTPacket/src" -I"/home/jeff/STM32CubeIDE/workspace_1.12.1/Intruder-Detection-System/Trial_LWIP/Middlewares/Third_Party/MQTT/MQTTPacket" -I"/home/jeff/STM32CubeIDE/workspace_1.12.1/Intruder-Detection-System/Trial_LWIP/Middlewares/Third_Party/MQTT" -I../LWIP/App -I../LWIP/Target -I../Middlewares/Third_Party/LwIP/src/include -I../Middlewares/Third_Party/LwIP/system -I../Drivers/STM32F7xx_HAL_Driver/Inc -I../Drivers/STM32F7xx_HAL_Driver/Inc/Legacy -I../Middlewares/Third_Party/FreeRTOS/Source/include -I../Middlewares/Third_Party/FreeRTOS/Source/CMSIS_RTOS -I../Middlewares/Third_Party/FreeRTOS/Source/portable/GCC/ARM_CM7/r0p1 -I../Drivers/BSP/Components/lan8742 -I../Middlewares/Third_Party/LwIP/src/include/netif/ppp -I../Drivers/CMSIS/Device/ST/STM32F7xx/Include -I../Middlewares/Third_Party/LwIP/src/include/lwip -I../Middlewares/Third_Party/LwIP/src/include/lwip/apps -I../Middlewares/Third_Party/LwIP/src/include/lwip/priv -I../Middlewares/Third_Party/LwIP/src/include/lwip/prot -I../Middlewares/Third_Party/LwIP/src/include/netif -I../Middlewares/Third_Party/LwIP/src/include/compat/posix -I../Middlewares/Third_Party/LwIP/src/include/compat/posix/arpa -I../Middlewares/Third_Party/LwIP/src/include/compat/posix/net -I../Middlewares/Third_Party/LwIP/src/include/compat/posix/sys -I../Middlewares/Third_Party/LwIP/src/include/compat/stdc -I../Middlewares/Third_Party/LwIP/system/arch -I../Drivers/CMSIS/Include -O0 -ffunction-sections -fdata-sections -Wall -fstack-usage -fcyclomatic-complexity -MMD -MP -MF"Core/Src/main.d" -MT"Core/Src/main.o" --specs=nano.specs -mfpu=fpv5-d16 -mfloat-abi=hard -mthumb -o "Core/Src/main.o"
arm-none-eabi-gcc "../Core/Src/process_data.c" -mcpu=cortex-m7 -std=gnu11 -g3 -DDEBUG -DDATA_IN_D2_SRAM -DUSE_HAL_DRIVER -DSTM32F767xx -c -I../Core/Inc -I"/home/jeff/STM32CubeIDE/workspace_1.12.1/Intruder-Detection-System/Trial_LWIP/Middlewares/Third_Party/generated" -I"/home/jeff/STM32CubeIDE/workspace_1.12.1/Intruder-Detection-System/Trial_LWIP/Middlewares/Third_Party/MQTT/MQTTPacket/src" -I"/home/jeff/STM32CubeIDE/workspace_1.12.1/Intruder-Detection-System/Trial_LWIP/Middlewares/Third_Party/MQTT/MQTTPacket" -I"/home/jeff/STM32CubeIDE/workspace_1.12.1/Intruder-Detection-System/Trial_LWIP/Middlewares/Third_Party/MQTT" -I../LWIP/App -I../LWIP/Target -I../Middlewares/Third_Party/LwIP/src/include -I../Middlewares/Third_Party/LwIP/system -I../Drivers/STM32F7xx_HAL_Driver/Inc -I../Drivers/STM32F7xx_HAL_Driver/Inc/Legacy -I../Middlewares/Third_Party/FreeRTOS/Source/include -I../Middlewares/Third_Party/FreeRTOS/Source/CMSIS_RTOS -I../Middlewares/Third_Party/FreeRTOS/Source/portable/GCC/ARM_CM7/r0p1 -I../Drivers/BSP/Components/lan8742 -I../Middlewares/Third_Party/LwIP/src/include/netif/ppp -I../Drivers/CMSIS/Device/ST/STM32F7xx/Include -I../Middlewares/Third_Party/LwIP/src/include/lwip -I../Middlewares/Third_Party/LwIP/src/include/lwip/apps -I../Middlewares/Third_Party/LwIP/src/include/lwip/priv -I../Middlewares/Third_Party/LwIP/src/include/lwip/prot -I../Middlewares/Third_Party/LwIP/src/include/netif -I../Middlewares/Third_Party/LwIP/src/include/compat/posix -I../Middlewares/Third_Party/LwIP/src/include/compat/posix/arpa -I../Middlewares/Third_Party/LwIP/src/include/compat/posix/net -I../Middlewares/Third_Party/LwIP/src/include/compat/posix/sys -I../Middlewares/Third_Party/LwIP/src/include/compat/stdc -I../Middlewares/Third_Party/LwIP/system/arch -I../Drivers/CMSIS/Include -O0 -ffunction-sections -fdata-sections -Wall -fstack-usage -fcyclomatic-complexity -MMD -MP -MF"Core/Src/process_data.d" -MT"Core/Src/process_data.o" --specs=nano.specs -mfpu=fpv5-d16 -mfloat-abi=hard -mthumb -o "Core/Src/process_data.o"
arm-none-eabi-gcc "../Core/Src/sensor_data.c" -mcpu=cortex-m7 -std=gnu11 -g3 -DDEBUG -DDATA_IN_D2_SRAM -DUSE_HAL_DRIVER -DSTM32F767xx -c -I../Core/Inc -I"/home/jeff/STM32CubeIDE/workspace_1.12.1/Intruder-Detection-System/Trial_LWIP/Middlewares/Third_Party/generated" -I"/home/jeff/STM32CubeIDE/workspace_1.12.1/Intruder-Detection-System/Trial_LWIP/Middlewares/Third_Party/MQTT/MQTTPacket/src" -I"/home/jeff/STM32CubeIDE/workspace_1.12.1/Intruder-Detection-System/Trial_LWIP/Middlewares/Third_Party/MQTT/MQTTPacket" -I"/home/jeff/STM32CubeIDE/workspace_1.12.1/Intruder-Detection-System/Trial_LWIP/Middlewares/Third_Party/MQTT" -I../LWIP/App -I../LWIP/Target -I../Middlewares/Third_Party/LwIP/src/include -I../Middlewares/Third_Party/LwIP/system -I../Drivers/STM32F7xx_HAL_Driver/Inc -I../Drivers/STM32F7xx_HAL_Driver/Inc/Legacy -I../Middlewares/Third_Party/FreeRTOS/Source/include -I../Middlewares/Third_Party/FreeRTOS/Source/CMSIS_RTOS -I../Middlewares/Third_Party/FreeRTOS/Source/portable/GCC/ARM_CM7/r0p1 -I../Drivers/BSP/Components/lan8742 -I../Middlewares/Third_Party/LwIP/src/include/netif/ppp -I../Drivers/CMSIS/Device/ST/STM32F7xx/Include -I../Middlewares/Third_Party/LwIP/src/include/lwip -I../Middlewares/Third_Party/LwIP/src/include/lwip/apps -I../Middlewares/Third_Party/LwIP/src/include/lwip/priv -I../Middlewares/Third_Party/LwIP/src/include/lwip/prot -I../Middlewares/Third_Party/LwIP/src/include/netif -I../Middlewares/Third_Party/LwIP/src/include/compat/posix -I../Middlewares/Third_Party/LwIP/src/include/compat/posix/arpa -I../Middlewares/Third_Party/LwIP/src/include/compat/posix/net -I../Middlewares/Third_Party/LwIP/src/include/compat/posix/sys -I../Middlewares/Third_Party/LwIP/src/include/compat/stdc -I../Middlewares/Third_Party/LwIP/system/arch -I../Drivers/CMSIS/Include -O0 -ffunction-sections -fdata-sections -Wall -fstack-usage -fcyclomatic-complexity -MMD -MP -MF"Core/Src/sensor_data.d" -MT"Core/Src/sensor_data.o" --specs=nano.specs -mfpu=fpv5-d16 -mfloat-abi=hard -mthumb -o "Core/Src/sensor_data.o"
arm-none-eabi-gcc "../Core/Src/spi.c" -mcpu=cortex-m7 -std=gnu11 -g3 -DDEBUG -DDATA_IN_D2_SRAM -DUSE_HAL_DRIVER -DSTM32F767xx -c -I../Core/Inc -I"/home/jeff/STM32CubeIDE/workspace_1.12.1/Intruder-Detection-System/Trial_LWIP/Middlewares/Third_Party/generated" -I"/home/jeff/STM32CubeIDE/workspace_1.12.1/Intruder-Detection-System/Trial_LWIP/Middlewares/Third_Party/MQTT/MQTTPacket/src" -I"/home/jeff/STM32CubeIDE/workspace_1.12.1/Intruder-Detection-System/Trial_LWIP/Middlewares/Third_Party/MQTT/MQTTPacket" -I"/home/jeff/STM32CubeIDE/workspace_1.12.1/Intruder-Detection-System/Trial_LWIP/Middlewares/Third_Party/MQTT" -I../LWIP/App -I../LWIP/Target -I../Middlewares/Third_Party/LwIP/src/include -I../Middlewares/Third_Party/LwIP/system -I../Drivers/STM32F7xx_HAL_Driver/Inc -I../Drivers/STM32F7xx_HAL_Driver/Inc/Legacy -I../Middlewares/Third_Party/FreeRTOS/Source/include -I../Middlewares/Third_Party/FreeRTOS/Source/CMSIS_RTOS -I../Middlewares/Third_Party/FreeRTOS/Source/portable/GCC/ARM_CM7/r0p1 -I../Drivers/BSP/Components/lan8742 -I../Middlewares/Third_Party/LwIP/src/include/netif/ppp -I../Drivers/CMSIS/Device/ST/STM32F7xx/Include -I../Middlewares/Third_Party/LwIP/src/include/lwip -I../Middlewares/Third_Party/LwIP/src/include/lwip/apps -I../Middlewares/Third_Party/LwIP/src/include/lwip/priv -I../Middlewares/Third_Party/LwIP/src/include/lwip/prot -I../Middlewares/Third_Party/LwIP/src/include/netif -I../Middlewares/Third_Party/LwIP/src/include/compat/posix -I../Middlewares/Third_Party/LwIP/src/include/compat/posix/arpa -I../Middlewares/Third_Party/LwIP/src/include/compat/posix/net -I../Middlewares/Third_Party/LwIP/src/include/compat/posix/sys -I../Middlewares/Third_Party/LwIP/src/include/compat/stdc -I../Middlewares/Third_Party/LwIP/system/arch -I../Drivers/CMSIS/Include -O0 -ffunction-sections -fdata-sections -Wall -fstack-usage -fcyclomatic-complexity -MMD -MP -MF"Core/Src/spi.d" -MT"Core/Src/spi.o" --specs=nano.specs -mfpu=fpv5-d16 -mfloat-abi=hard -mthumb -o "Core/Src/spi.o"
../Core/Src/spi.c: In function 'HAL_SPI_TxRxCpltCallback':
../Core/Src/spi.c:58:24: warning: passing argument 1 of 'sensorDataBuf.update' discards 'volatile' qualifier from pointer target type [-Wdiscarded-qualifiers]
   58 |   sensorDataBuf.update(&sensorDataBuf, sensorDataObj1);
      |                        ^~~~~~~~~~~~~~
../Core/Src/spi.c:58:24: note: expected 'sensorData_buf *' but argument is of type 'volatile sensorData_buf *'
../Core/Src/main.c: In function 'main':
../Core/Src/main.c:127:26: warning: passing argument 1 of 'init_sensor_buffer_obj' discards 'volatile' qualifier from pointer target type [-Wdiscarded-qualifiers]
  127 |   init_sensor_buffer_obj(&sensorDataBuf);
      |                          ^~~~~~~~~~~~~~
In file included from ../Core/Inc/spi.h:19,
                 from ../Core/Src/main.c:26:
../Core/Inc/sensor_data.h:50:45: note: expected 'sensorData_buf *' but argument is of type 'volatile sensorData_buf *'
   50 | void init_sensor_buffer_obj(sensorData_buf* sb);
      |                             ~~~~~~~~~~~~~~~~^~
../Core/Src/freertos.c: In function 'MqttClientPubTask':
../Core/Src/freertos.c:147:38: warning: passing argument 1 of 'sensorDataBuf.front' discards 'volatile' qualifier from pointer target type [-Wdiscarded-qualifiers]
  147 |  sensorData sd = sensorDataBuf.front(&sensorDataBuf);
      |                                      ^~~~~~~~~~~~~~
../Core/Src/freertos.c:147:38: note: expected 'sensorData_buf *' but argument is of type 'volatile sensorData_buf *'
arm-none-eabi-gcc -o "Trial_LWIP.elf" @"objects.list"   -mcpu=cortex-m7 -T"/home/jeff/STM32CubeIDE/workspace_1.12.1/Intruder-Detection-System/Trial_LWIP/STM32F767ZITX_FLASH.ld" --specs=nosys.specs -Wl,-Map="Trial_LWIP.map" -Wl,--gc-sections -static --specs=nano.specs -mfpu=fpv5-d16 -mfloat-abi=hard -mthumb -Wl,--start-group -lc -lm -Wl,--end-group
Finished building target: Trial_LWIP.elf
 
arm-none-eabi-size   Trial_LWIP.elf 
arm-none-eabi-objdump -h -S  Trial_LWIP.elf  > "Trial_LWIP.list"
   text	   data	    bss	    dec	    hex	filename
 140504	    476	  72028	 213008	  34010	Trial_LWIP.elf
Finished building: default.size.stdout
 
Finished building: Trial_LWIP.list
 
19:18:33 **** Incremental Build of configuration Debug for project Trial_LWIP ****
make -j12 all 
arm-none-eabi-size   Trial_LWIP.elf 
   text	   data	    bss	    dec	    hex	filename
 140504	    476	  72028	 213008	  34010	Trial_LWIP.elf
Finished building: default.size.stdout
 
